Archive member included to satisfy reference by file (symbol)

C:/ARM/gcc-arm-none-eabi/bin/../lib/gcc/arm-none-eabi/14.3.1/../../../../arm-none-eabi/lib/thumb/v7e-m/nofp\libg.a(libc_a-printf.o)
                              C:\Users\juan_\AppData\Local\Temp\ccMRGFaN.o (printf)
C:/ARM/gcc-arm-none-eabi/bin/../lib/gcc/arm-none-eabi/14.3.1/../../../../arm-none-eabi/lib/thumb/v7e-m/nofp\libg.a(libc_a-impure.o)
                              C:/ARM/gcc-arm-none-eabi/bin/../lib/gcc/arm-none-eabi/14.3.1/../../../../arm-none-eabi/lib/thumb/v7e-m/nofp\libg.a(libc_a-printf.o) (_impure_ptr)
C:/ARM/gcc-arm-none-eabi/bin/../lib/gcc/arm-none-eabi/14.3.1/../../../../arm-none-eabi/lib/thumb/v7e-m/nofp\libg.a(libc_a-vfprintf.o)
                              C:/ARM/gcc-arm-none-eabi/bin/../lib/gcc/arm-none-eabi/14.3.1/../../../../arm-none-eabi/lib/thumb/v7e-m/nofp\libg.a(libc_a-printf.o) (_vfprintf_r)
C:/ARM/gcc-arm-none-eabi/bin/../lib/gcc/arm-none-eabi/14.3.1/../../../../arm-none-eabi/lib/thumb/v7e-m/nofp\libg.a(libc_a-sprint_r.o)
                              C:/ARM/gcc-arm-none-eabi/bin/../lib/gcc/arm-none-eabi/14.3.1/../../../../arm-none-eabi/lib/thumb/v7e-m/nofp\libg.a(libc_a-vfprintf.o) (__sprint_r)
C:/ARM/gcc-arm-none-eabi/bin/../lib/gcc/arm-none-eabi/14.3.1/../../../../arm-none-eabi/lib/thumb/v7e-m/nofp\libg.a(libc_a-fflush.o)
                              C:/ARM/gcc-arm-none-eabi/bin/../lib/gcc/arm-none-eabi/14.3.1/../../../../arm-none-eabi/lib/thumb/v7e-m/nofp\libg.a(libc_a-vfprintf.o) (_fflush_r)
C:/ARM/gcc-arm-none-eabi/bin/../lib/gcc/arm-none-eabi/14.3.1/../../../../arm-none-eabi/lib/thumb/v7e-m/nofp\libg.a(libc_a-findfp.o)
                              C:/ARM/gcc-arm-none-eabi/bin/../lib/gcc/arm-none-eabi/14.3.1/../../../../arm-none-eabi/lib/thumb/v7e-m/nofp\libg.a(libc_a-fflush.o) (__sglue)
C:/ARM/gcc-arm-none-eabi/bin/../lib/gcc/arm-none-eabi/14.3.1/../../../../arm-none-eabi/lib/thumb/v7e-m/nofp\libg.a(libc_a-fvwrite.o)
                              C:/ARM/gcc-arm-none-eabi/bin/../lib/gcc/arm-none-eabi/14.3.1/../../../../arm-none-eabi/lib/thumb/v7e-m/nofp\libg.a(libc_a-sprint_r.o) (__sfvwrite_r)
C:/ARM/gcc-arm-none-eabi/bin/../lib/gcc/arm-none-eabi/14.3.1/../../../../arm-none-eabi/lib/thumb/v7e-m/nofp\libg.a(libc_a-fwalk.o)
                              C:/ARM/gcc-arm-none-eabi/bin/../lib/gcc/arm-none-eabi/14.3.1/../../../../arm-none-eabi/lib/thumb/v7e-m/nofp\libg.a(libc_a-fflush.o) (_fwalk_sglue)
C:/ARM/gcc-arm-none-eabi/bin/../lib/gcc/arm-none-eabi/14.3.1/../../../../arm-none-eabi/lib/thumb/v7e-m/nofp\libg.a(libc_a-stdio.o)
                              C:/ARM/gcc-arm-none-eabi/bin/../lib/gcc/arm-none-eabi/14.3.1/../../../../arm-none-eabi/lib/thumb/v7e-m/nofp\libg.a(libc_a-findfp.o) (__sread)
C:/ARM/gcc-arm-none-eabi/bin/../lib/gcc/arm-none-eabi/14.3.1/../../../../arm-none-eabi/lib/thumb/v7e-m/nofp\libg.a(libc_a-wsetup.o)
                              C:/ARM/gcc-arm-none-eabi/bin/../lib/gcc/arm-none-eabi/14.3.1/../../../../arm-none-eabi/lib/thumb/v7e-m/nofp\libg.a(libc_a-vfprintf.o) (__swsetup_r)
C:/ARM/gcc-arm-none-eabi/bin/../lib/gcc/arm-none-eabi/14.3.1/../../../../arm-none-eabi/lib/thumb/v7e-m/nofp\libg.a(libc_a-memmove.o)
                              C:/ARM/gcc-arm-none-eabi/bin/../lib/gcc/arm-none-eabi/14.3.1/../../../../arm-none-eabi/lib/thumb/v7e-m/nofp\libg.a(libc_a-fvwrite.o) (memmove)
C:/ARM/gcc-arm-none-eabi/bin/../lib/gcc/arm-none-eabi/14.3.1/../../../../arm-none-eabi/lib/thumb/v7e-m/nofp\libg.a(libc_a-memset.o)
                              C:/ARM/gcc-arm-none-eabi/bin/../lib/gcc/arm-none-eabi/14.3.1/../../../../arm-none-eabi/lib/thumb/v7e-m/nofp\libg.a(libc_a-vfprintf.o) (memset)
C:/ARM/gcc-arm-none-eabi/bin/../lib/gcc/arm-none-eabi/14.3.1/../../../../arm-none-eabi/lib/thumb/v7e-m/nofp\libg.a(libc_a-strncpy.o)
                              C:/ARM/gcc-arm-none-eabi/bin/../lib/gcc/arm-none-eabi/14.3.1/../../../../arm-none-eabi/lib/thumb/v7e-m/nofp\libg.a(libc_a-vfprintf.o) (strncpy)
C:/ARM/gcc-arm-none-eabi/bin/../lib/gcc/arm-none-eabi/14.3.1/../../../../arm-none-eabi/lib/thumb/v7e-m/nofp\libg.a(libc_a-locale.o)
                              C:/ARM/gcc-arm-none-eabi/bin/../lib/gcc/arm-none-eabi/14.3.1/../../../../arm-none-eabi/lib/thumb/v7e-m/nofp\libg.a(libc_a-vfprintf.o) (__global_locale)
C:/ARM/gcc-arm-none-eabi/bin/../lib/gcc/arm-none-eabi/14.3.1/../../../../arm-none-eabi/lib/thumb/v7e-m/nofp\libg.a(libc_a-localeconv.o)
                              C:/ARM/gcc-arm-none-eabi/bin/../lib/gcc/arm-none-eabi/14.3.1/../../../../arm-none-eabi/lib/thumb/v7e-m/nofp\libg.a(libc_a-vfprintf.o) (_localeconv_r)
C:/ARM/gcc-arm-none-eabi/bin/../lib/gcc/arm-none-eabi/14.3.1/../../../../arm-none-eabi/lib/thumb/v7e-m/nofp\libg.a(libc_a-closer.o)
                              C:/ARM/gcc-arm-none-eabi/bin/../lib/gcc/arm-none-eabi/14.3.1/../../../../arm-none-eabi/lib/thumb/v7e-m/nofp\libg.a(libc_a-stdio.o) (_close_r)
[...]
Memory Configuration

Name             Origin             Length             Attributes
FLASH            0x08000000         0x00100000         xr
RAM              0x20000000         0x00020000         xrw
*default*        0x00000000         0xffffffff

Linker script and memory map

LOAD C:\Users\juan_\AppData\Local\Temp\ccMRGFaN.o
LOAD C:\Users\juan_\AppData\Local\Temp\ccOClL2H.o
LOAD C:\Users\juan_\AppData\Local\Temp\ccW4yMyI.o
LOAD C:\Users\juan_\AppData\Local\Temp\ccGirpHM.o
LOAD C:\Users\juan_\AppData\Local\Temp\ccLwKs9N.o
LOAD C:\Users\juan_\AppData\Local\Temp\cc0XxvYQ.o
LOAD C:\Users\juan_\AppData\Local\Temp\ccDl3G0W.o
START GROUP
LOAD C:/ARM/gcc-arm-none-eabi/bin/../lib/gcc/arm-none-eabi/14.3.1/thumb/v7e-m/nofp\libgcc.a
LOAD C:/ARM/gcc-arm-none-eabi/bin/../lib/gcc/arm-none-eabi/14.3.1/../../../../arm-none-eabi/lib/thumb/v7e-m/nofp\libg.a
LOAD C:/ARM/gcc-arm-none-eabi/bin/../lib/gcc/arm-none-eabi/14.3.1/../../../../arm-none-eabi/lib/thumb/v7e-m/nofp\libc.a
END GROUP
                0x20020000                        _estack = (ORIGIN (RAM) + LENGTH (RAM))

.isr_vector     0x08000000       0x68
 *(.isr_vector)
 .isr_vector    0x08000000       0x68 C:\Users\juan_\AppData\Local\Temp\ccDl3G0W.o
                0x08000000                _start

.ARM.extab      0x08000068        0x0
 .ARM.extab     0x08000068        0x0 C:/ARM/gcc-arm-none-eabi/bin/../lib/gcc/arm-none-eabi/14.3.1/../../../../arm-none-eabi/lib/thumb/v7e-m/nofp\libg.a(libc_a-strcmp.o)
 .ARM.extab     0x08000068        0x0 C:/ARM/gcc-arm-none-eabi/bin/../lib/gcc/arm-none-eabi/14.3.1/../../../../arm-none-eabi/lib/thumb/v7e-m/nofp\libg.a(libc_a-memchr.o)
 .ARM.extab     0x08000068        0x0 C:/ARM/gcc-arm-none-eabi/bin/../lib/gcc/arm-none-eabi/14.3.1/../../../../arm-none-eabi/lib/thumb/v7e-m/nofp\libg.a(libc_a-memcpy.o)
 .ARM.extab     0x08000068        0x0 C:/ARM/gcc-arm-none-eabi/bin/../lib/gcc/arm-none-eabi/14.3.1/../../../../arm-none-eabi/lib/thumb/v7e-m/nofp\libg.a(libc_a-strlen.o)

.ARM.exidx      0x08000068        0x8
 .ARM.exidx     0x08000068        0x8 C:/ARM/gcc-arm-none-eabi/bin/../lib/gcc/arm-none-eabi/14.3.1/../../../../arm-none-eabi/lib/thumb/v7e-m/nofp\libg.a(libc_a-strcmp.o)
 .ARM.exidx     0x08000070        0x0 C:/ARM/gcc-arm-none-eabi/bin/../lib/gcc/arm-none-eabi/14.3.1/../../../../arm-none-eabi/lib/thumb/v7e-m/nofp\libg.a(libc_a-memchr.o)
                                  0x8 (size before relaxing)
 .ARM.exidx     0x08000070        0x0 C:/ARM/gcc-arm-none-eabi/bin/../lib/gcc/arm-none-eabi/14.3.1/../../../../arm-none-eabi/lib/thumb/v7e-m/nofp\libg.a(libc_a-memcpy.o)
                                  0x8 (size before relaxing)
 .ARM.exidx     0x08000070        0x0 C:/ARM/gcc-arm-none-eabi/bin/../lib/gcc/arm-none-eabi/14.3.1/../../../../arm-none-eabi/lib/thumb/v7e-m/nofp\libg.a(libc_a-strlen.o)
                                  0x8 (size before relaxing)

.text           0x08000080     0xadb4
 *(.text)
 .text          0x08000080       0xd4 C:\Users\juan_\AppData\Local\Temp\ccMRGFaN.o
                0x08000080                log_message
                0x080000bc                main
 .text          0x08000154      0x118 C:\Users\juan_\AppData\Local\Temp\ccOClL2H.o
                0x080001ec                timebase_init
                0x08000210                SysTick_Handler
                0x0800022c                get_tick
                0x08000240                delay_ms
 .text          0x0800026c      0x384 C:\Users\juan_\AppData\Local\Temp\ccW4yMyI.o
                0x0800026c                delay_simple
                0x0800028e                i2c1_init
                0x08000320                i2c1_write
                0x08000412                lcd_send_cmd
                0x0800044a                lcd_send_data
                0x08000482                lcd_send_string
                0x080004ac                lcd_set_cursor
                0x080004ea                lcd_init
                0x0800055a                i2c_scan
 .text          0x080005f0      0x23c C:\Users\juan_\AppData\Local\Temp\ccGirpHM.o
                0x08000628                __io_putchar
                0x08000640                uart_tx_init
                0x08000784                USART2_IRQHandler
 .text          0x0800082c       0xf8 C:\Users\juan_\AppData\Local\Temp\ccLwKs9N.o
                0x0800082c                _write
                0x08000864                _close
                0x0800087a                _fstat
                0x08000898                _isatty
                0x080008ac                _lseek
                0x080008c4                _read
                0x080008dc                _sbrk
                0x080008f2                _exit
                0x080008fe                _kill
                0x08000916                _getpid
 .text          0x08000924       0x28 C:\Users\juan_\AppData\Local\Temp\cc0XxvYQ.o
                0x08000924                SystemInit
                0x08000930                SystemCoreClockUpdate
 .text          0x0800094c       0x54 C:\Users\juan_\AppData\Local\Temp\ccDl3G0W.o
                0x0800094c                Reset_Handler
                0x0800097a                NMI_Handler
                0x0800097a                Default_Handler
                0x0800097a                HardFault_Handler
 .text          0x080009a0        0x0 C:/ARM/gcc-arm-none-eabi/bin/../lib/gcc/arm-none-eabi/14.3.1/../../../../arm-none-eabi/lib/thumb/v7e-m/nofp\libg.a(libc_a-printf.o)
 .text          0x080009a0        0x0 C:/ARM/gcc-arm-none-eabi/bin/../lib/gcc/arm-none-eabi/14.3.1/../../../../arm-none-eabi/lib/thumb/v7e-m/nofp\libg.a(libc_a-impure.o)
 .text          0x080009a0        0x0 C:/ARM/gcc-arm-none-eabi/bin/../lib/gcc/arm-none-eabi/14.3.1/../../../../arm-none-eabi/lib/thumb/v7e-m/nofp\libg.a(libc_a-vfprintf.o)
 .text          0x080009a0        0x0 C:/ARM/gcc-arm-none-eabi/bin/../lib/gcc/arm-none-eabi/14.3.1/../../../../arm-none-eabi/lib/thumb/v7e-m/nofp\libg.a(libc_a-sprint_r.o)
 .text          0x080009a0        0x0 C:/ARM/gcc-arm-none-eabi/bin/../lib/gcc/arm-none-eabi/14.3.1/../../../../arm-none-eabi/lib/thumb/v7e-m/nofp\libg.a(libc_a-fflush.o)
 .text          0x080009a0        0x0 C:/ARM/gcc-arm-none-eabi/bin/../lib/gcc/arm-none-eabi/14.3.1/../../../../arm-none-eabi/lib/thumb/v7e-m/nofp\libg.a(libc_a-findfp.o)
 .text          0x080009a0        0x0 C:/ARM/gcc-arm-none-eabi/bin/../lib/gcc/arm-none-eabi/14.3.1/../../../../arm-none-eabi/lib/thumb/v7e-m/nofp\libg.a(libc_a-fvwrite.o)
 .text          0x080009a0        0x0 C:/ARM/gcc-arm-none-eabi/bin/../lib/gcc/arm-none-eabi/14.3.1/../../../../arm-none-eabi/lib/thumb/v7e-m/nofp\libg.a(libc_a-fwalk.o)
 .text          0x080009a0        0x0 C:/ARM/gcc-arm-none-eabi/bin/../lib/gcc/arm-none-eabi/14.3.1/../../../../arm-none-eabi/lib/thumb/v7e-m/nofp\libg.a(libc_a-stdio.o)
 .text          0x080009a0        0x0 C:/ARM/gcc-arm-none-eabi/bin/../lib/gcc/arm-none-eabi/14.3.1/../../../../arm-none-eabi/lib/thumb/v7e-m/nofp\libg.a(libc_a-wsetup.o)
 .text          0x080009a0        0x0 C:/ARM/gcc-arm-none-eabi/bin/../lib/gcc/arm-none-eabi/14.3.1/../../../../arm-none-eabi/lib/thumb/v7e-m/nofp\libg.a(libc_a-memmove.o)
 .text          0x080009a0        0x0 C:/ARM/gcc-arm-none-eabi/bin/../lib/gcc/arm-none-eabi/14.3.1/../../../../arm-none-eabi/lib/thumb/v7e-m/nofp\libg.a(libc_a-memset.o)
 .text          0x080009a0        0x0 C:/ARM/gcc-arm-none-eabi/bin/../lib/gcc/arm-none-eabi/14.3.1/../../../../arm-none-eabi/lib/thumb/v7e-m/nofp\libg.a(libc_a-strncpy.o)
 .text          0x080009a0        0x0 C:/ARM/gcc-arm-none-eabi/bin/../lib/gcc/arm-none-eabi/14.3.1/../../../../arm-none-eabi/lib/thumb/v7e-m/nofp\libg.a(libc_a-locale.o)
 .text          0x080009a0        0x0 C:/ARM/gcc-arm-none-eabi/bin/../lib/gcc/arm-none-eabi/14.3.1/../../../../arm-none-eabi/lib/thumb/v7e-m/nofp\libg.a(libc_a-localeconv.o)
 .text          0x080009a0        0x0 C:/ARM/gcc-arm-none-eabi/bin/../lib/gcc/arm-none-eabi/14.3.1/../../../../arm-none-eabi/lib/thumb/v7e-m/nofp\libg.a(libc_a-closer.o)
 .text          0x080009a0        0x0 C:/ARM/gcc-arm-none-eabi/bin/../lib/gcc/arm-none-eabi/14.3.1/../../../../arm-none-eabi/lib/thumb/v7e-m/nofp\libg.a(libc_a-reent.o)
 .text          0x080009a0        0x0 C:/ARM/gcc-arm-none-eabi/bin/../lib/gcc/arm-none-eabi/14.3.1/../../../../arm-none-eabi/lib/thumb/v7e-m/nofp\libg.a(libc_a-lseekr.o)
 .text          0x080009a0        0x0 C:/ARM/gcc-arm-none-eabi/bin/../lib/gcc/arm-none-eabi/14.3.1/../../../../arm-none-eabi/lib/thumb/v7e-m/nofp\libg.a(libc_a-readr.o)
 .text          0x080009a0        0x0 C:/ARM/gcc-arm-none-eabi/bin/../lib/gcc/arm-none-eabi/14.3.1/../../../../arm-none-eabi/lib/thumb/v7e-m/nofp\libg.a(libc_a-writer.o)
 .text          0x080009a0        0x0 C:/ARM/gcc-arm-none-eabi/bin/../lib/gcc/arm-none-eabi/14.3.1/../../../../arm-none-eabi/lib/thumb/v7e-m/nofp\libg.a(libc_a-lock.o)
 .text          0x080009a0      0x2e0 C:/ARM/gcc-arm-none-eabi/bin/../lib/gcc/arm-none-eabi/14.3.1/../../../../arm-none-eabi/lib/thumb/v7e-m/nofp\libg.a(libc_a-strcmp.o)
                0x080009a0                strcmp
 .text          0x08000c80        0x0 C:/ARM/gcc-arm-none-eabi/bin/../lib/gcc/arm-none-eabi/14.3.1/../../../../arm-none-eabi/lib/thumb/v7e-m/nofp\libg.a(libc_a-strcpy.o)
 .text          0x08000c80       0xa0 C:/ARM/gcc-arm-none-eabi/bin/../lib/gcc/arm-none-eabi/14.3.1/../../../../arm-none-eabi/lib/thumb/v7e-m/nofp\libg.a(libc_a-memchr.o)
                0x08000c80                memchr
 .text          0x08000d20      0x134 C:/ARM/gcc-arm-none-eabi/bin/../lib/gcc/arm-none-eabi/14.3.1/../../../../arm-none-eabi/lib/thumb/v7e-m/nofp\libg.a(libc_a-memcpy.o)
                0x08000d20                memcpy
 *fill*         0x08000e54       0x2c 
 .text          0x08000e80       0xd8 C:/ARM/gcc-arm-none-eabi/bin/../lib/gcc/arm-none-eabi/14.3.1/../../../../arm-none-eabi/lib/thumb/v7e-m/nofp\libg.a(libc_a-strlen.o)
                0x08000e80                strlen
 .text          0x08000f58        0x0 C:/ARM/gcc-arm-none-eabi/bin/../lib/gcc/arm-none-eabi/14.3.1/../../../../arm-none-eabi/lib/thumb/v7e-m/nofp\libg.a(libm_a-s_frexp.o)
 .text          0x08000f58        0x0 C:/ARM/gcc-arm-none-eabi/bin/../lib/gcc/arm-none-eabi/14.3.1/../../../../arm-none-eabi/lib/thumb/v7e-m/nofp\libg.a(libc_a-dtoa.o)
 .text          0x08000f58        0x0 C:/ARM/gcc-arm-none-eabi/bin/../lib/gcc/arm-none-eabi/14.3.1/../../../../arm-none-eabi/lib/thumb/v7e-m/nofp\libg.a(libc_a-freer.o)
 .text          0x08000f58        0x0 C:/ARM/gcc-arm-none-eabi/bin/../lib/gcc/arm-none-eabi/14.3.1/../../../../arm-none-eabi/lib/thumb/v7e-m/nofp\libg.a(libc_a-getenv_r.o)
 .text          0x08000f58        0x0 C:/ARM/gcc-arm-none-eabi/bin/../lib/gcc/arm-none-eabi/14.3.1/../../../../arm-none-eabi/lib/thumb/v7e-m/nofp\libg.a(libc_a-mallocr.o)
 .text          0x08000f58        0x0 C:/ARM/gcc-arm-none-eabi/bin/../lib/gcc/arm-none-eabi/14.3.1/../../../../arm-none-eabi/lib/thumb/v7e-m/nofp\libg.a(libc_a-mbtowc_r.o)
 .text          0x08000f58        0x0 C:/ARM/gcc-arm-none-eabi/bin/../lib/gcc/arm-none-eabi/14.3.1/../../../../arm-none-eabi/lib/thumb/v7e-m/nofp\libg.a(libc_a-mlock.o)
 .text          0x08000f58        0x0 C:/ARM/gcc-arm-none-eabi/bin/../lib/gcc/arm-none-eabi/14.3.1/../../../../arm-none-eabi/lib/thumb/v7e-m/nofp\libg.a(libc_a-mprec.o)
 .text          0x08000f58        0x0 C:/ARM/gcc-arm-none-eabi/bin/../lib/gcc/arm-none-eabi/14.3.1/../../../../arm-none-eabi/lib/thumb/v7e-m/nofp\libg.a(libc_a-reallocr.o)
 .text          0x08000f58        0x0 C:/ARM/gcc-arm-none-eabi/bin/../lib/gcc/arm-none-eabi/14.3.1/../../../../arm-none-eabi/lib/thumb/v7e-m/nofp\libg.a(libc_a-strtol.o)
 .text          0x08000f58        0x0 C:/ARM/gcc-arm-none-eabi/bin/../lib/gcc/arm-none-eabi/14.3.1/../../../../arm-none-eabi/lib/thumb/v7e-m/nofp\libg.a(libc_a-wctomb_r.o)
 .text          0x08000f58        0x0 C:/ARM/gcc-arm-none-eabi/bin/../lib/gcc/arm-none-eabi/14.3.1/../../../../arm-none-eabi/lib/thumb/v7e-m/nofp\libg.a(libc_a-wcrtomb.o)
 .text          0x08000f58        0x0 C:/ARM/gcc-arm-none-eabi/bin/../lib/gcc/arm-none-eabi/14.3.1/../../../../arm-none-eabi/lib/thumb/v7e-m/nofp\libg.a(libc_a-wcsrtombs.o)
 .text          0x08000f58        0x0 C:/ARM/gcc-arm-none-eabi/bin/../lib/gcc/arm-none-eabi/14.3.1/../../../../arm-none-eabi/lib/thumb/v7e-m/nofp\libg.a(libc_a-ctype_.o)
 .text          0x08000f58        0x0 C:/ARM/gcc-arm-none-eabi/bin/../lib/gcc/arm-none-eabi/14.3.1/../../../../arm-none-eabi/lib/thumb/v7e-m/nofp\libg.a(libc_a-fclose.o)
 .text          0x08000f58        0x0 C:/ARM/gcc-arm-none-eabi/bin/../lib/gcc/arm-none-eabi/14.3.1/../../../../arm-none-eabi/lib/thumb/v7e-m/nofp\libg.a(libc_a-makebuf.o)
 .text          0x08000f58        0x0 C:/ARM/gcc-arm-none-eabi/bin/../lib/gcc/arm-none-eabi/14.3.1/../../../../arm-none-eabi/lib/thumb/v7e-m/nofp\libg.a(libc_a-strcasecmp.o)
 .text          0x08000f58        0x0 C:/ARM/gcc-arm-none-eabi/bin/../lib/gcc/arm-none-eabi/14.3.1/../../../../arm-none-eabi/lib/thumb/v7e-m/nofp\libg.a(libc_a-strcat.o)
 .text          0x08000f58        0x0 C:/ARM/gcc-arm-none-eabi/bin/../lib/gcc/arm-none-eabi/14.3.1/../../../../arm-none-eabi/lib/thumb/v7e-m/nofp\libg.a(libc_a-strchr.o)
 .text          0x08000f58        0x0 C:/ARM/gcc-arm-none-eabi/bin/../lib/gcc/arm-none-eabi/14.3.1/../../../../arm-none-eabi/lib/thumb/v7e-m/nofp\libg.a(libc_a-strlcpy.o)
 .text          0x08000f58        0x0 C:/ARM/gcc-arm-none-eabi/bin/../lib/gcc/arm-none-eabi/14.3.1/../../../../arm-none-eabi/lib/thumb/v7e-m/nofp\libg.a(libc_a-strncasecmp.o)
 .text          0x08000f58        0x0 C:/ARM/gcc-arm-none-eabi/bin/../lib/gcc/arm-none-eabi/14.3.1/../../../../arm-none-eabi/lib/thumb/v7e-m/nofp\libg.a(libc_a-strncmp.o)
 .text          0x08000f58        0x0 C:/ARM/gcc-arm-none-eabi/bin/../lib/gcc/arm-none-eabi/14.3.1/../../../../arm-none-eabi/lib/thumb/v7e-m/nofp\libg.a(libc_a-fstatr.o)
 .text          0x08000f58        0x0 C:/ARM/gcc-arm-none-eabi/bin/../lib/gcc/arm-none-eabi/14.3.1/../../../../arm-none-eabi/lib/thumb/v7e-m/nofp\libg.a(libc_a-isattyr.o)
 .text          0x08000f58        0x0 C:/ARM/gcc-arm-none-eabi/bin/../lib/gcc/arm-none-eabi/14.3.1/../../../../arm-none-eabi/lib/thumb/v7e-m/nofp\libg.a(libc_a-sbrkr.o)
 .text          0x08000f58        0x0 C:/ARM/gcc-arm-none-eabi/bin/../lib/gcc/arm-none-eabi/14.3.1/../../../../arm-none-eabi/lib/thumb/v7e-m/nofp\libg.a(libc_a-errno.o)
 .text          0x08000f58        0x0 C:/ARM/gcc-arm-none-eabi/bin/../lib/gcc/arm-none-eabi/14.3.1/../../../../arm-none-eabi/lib/thumb/v7e-m/nofp\libg.a(libc_a-sysconf.o)
 .text          0x08000f58        0x0 C:/ARM/gcc-arm-none-eabi/bin/../lib/gcc/arm-none-eabi/14.3.1/../../../../arm-none-eabi/lib/thumb/v7e-m/nofp\libg.a(libc_a-assert.o)
 .text          0x08000f58        0x0 C:/ARM/gcc-arm-none-eabi/bin/../lib/gcc/arm-none-eabi/14.3.1/../../../../arm-none-eabi/lib/thumb/v7e-m/nofp\libg.a(libc_a-callocr.o)
 .text          0x08000f58        0x0 C:/ARM/gcc-arm-none-eabi/bin/../lib/gcc/arm-none-eabi/14.3.1/../../../../arm-none-eabi/lib/thumb/v7e-m/nofp\libg.a(libc_a-environ.o)
 .text          0x08000f58        0x0 C:/ARM/gcc-arm-none-eabi/bin/../lib/gcc/arm-none-eabi/14.3.1/../../../../arm-none-eabi/lib/thumb/v7e-m/nofp\libg.a(libc_a-envlock.o)
 .text          0x08000f58        0x0 C:/ARM/gcc-arm-none-eabi/bin/../lib/gcc/arm-none-eabi/14.3.1/../../../../arm-none-eabi/lib/thumb/v7e-m/nofp\libg.a(libc_a-wcsnrtombs.o)
 .text          0x08000f58        0x0 C:/ARM/gcc-arm-none-eabi/bin/../lib/gcc/arm-none-eabi/14.3.1/../../../../arm-none-eabi/lib/thumb/v7e-m/nofp\libg.a(libc_a-fiprintf.o)
 .text          0x08000f58        0x0 C:/ARM/gcc-arm-none-eabi/bin/../lib/gcc/arm-none-eabi/14.3.1/../../../../arm-none-eabi/lib/thumb/v7e-m/nofp\libg.a(libc_a-vfiprintf.o)
 .text          0x08000f58        0x0 C:/ARM/gcc-arm-none-eabi/bin/../lib/gcc/arm-none-eabi/14.3.1/../../../../arm-none-eabi/lib/thumb/v7e-m/nofp\libg.a(libc_a-abort.o)
 .text          0x08000f58        0x0 C:/ARM/gcc-arm-none-eabi/bin/../lib/gcc/arm-none-eabi/14.3.1/../../../../arm-none-eabi/lib/thumb/v7e-m/nofp\libg.a(libc_a-signal.o)
 .text          0x08000f58        0x0 C:/ARM/gcc-arm-none-eabi/bin/../lib/gcc/arm-none-eabi/14.3.1/../../../../arm-none-eabi/lib/thumb/v7e-m/nofp\libg.a(libc_a-signalr.o)
 .text          0x08000f58      0x254 C:/ARM/gcc-arm-none-eabi/bin/../lib/gcc/arm-none-eabi/14.3.1/thumb/v7e-m/nofp\libgcc.a(_arm_muldf3.o)
 .text          0x080011ac      0x378 C:/ARM/gcc-arm-none-eabi/bin/../lib/gcc/arm-none-eabi/14.3.1/thumb/v7e-m/nofp\libgcc.a(_arm_addsubdf3.o)
                0x080011ac                __aeabi_drsub
                0x080011b4                __aeabi_dsub
                0x080011b4                __subdf3
                0x080011b8                __aeabi_dadd
                0x080011b8                __adddf3
                0x08001430                __floatunsidf
                0x08001430                __aeabi_ui2d
                0x08001450                __floatsidf
                0x08001450                __aeabi_i2d
                0x08001474                __aeabi_f2d
                0x08001474                __extendsfdf2
                0x080014b8                __floatundidf
                0x080014b8                __aeabi_ul2d
                0x080014c8                __floatdidf
                0x080014c8                __aeabi_l2d
 .text          0x08001524      0x424 C:/ARM/gcc-arm-none-eabi/bin/../lib/gcc/arm-none-eabi/14.3.1/thumb/v7e-m/nofp\libgcc.a(_arm_muldivdf3.o)
                0x08001524                __aeabi_dmul
                0x08001524                __muldf3
                0x08001778                __divdf3
                0x08001778                __aeabi_ddiv
 .text          0x08001948      0x110 C:/ARM/gcc-arm-none-eabi/bin/../lib/gcc/arm-none-eabi/14.3.1/thumb/v7e-m/nofp\libgcc.a(_arm_cmpdf2.o)
                0x08001948                __gtdf2
                0x08001948                __gedf2
                0x08001950                __ltdf2
                0x08001950                __ledf2
                0x08001958                __nedf2
                0x08001958                __eqdf2
                0x08001958                __cmpdf2
                0x080019d4                __aeabi_cdrcmple
                0x080019e4                __aeabi_cdcmpeq
                0x080019e4                __aeabi_cdcmple
                0x080019f4                __aeabi_dcmpeq
                0x08001a08                __aeabi_dcmplt
                0x08001a1c                __aeabi_dcmple
                0x08001a30                __aeabi_dcmpge
                0x08001a44                __aeabi_dcmpgt
 .text          0x08001a58       0x2c C:/ARM/gcc-arm-none-eabi/bin/../lib/gcc/arm-none-eabi/14.3.1/thumb/v7e-m/nofp\libgcc.a(_arm_unorddf2.o)
                0x08001a58                __unorddf2
                0x08001a58                __aeabi_dcmpun
 .text          0x08001a84       0x50 C:/ARM/gcc-arm-none-eabi/bin/../lib/gcc/arm-none-eabi/14.3.1/thumb/v7e-m/nofp\libgcc.a(_arm_fixdfsi.o)
                0x08001a84                __aeabi_d2iz
                0x08001a84                __fixdfsi
 *(.text*)
 .text._printf_r
                0x08001ad4       0x20 C:/ARM/gcc-arm-none-eabi/bin/../lib/gcc/arm-none-eabi/14.3.1/../../../../arm-none-eabi/lib/thumb/v7e-m/nofp\libg.a(libc_a-printf.o)
                0x08001ad4                _printf_r
 .text.printf   0x08001af4       0x28 C:/ARM/gcc-arm-none-eabi/bin/../lib/gcc/arm-none-eabi/14.3.1/../../../../arm-none-eabi/lib/thumb/v7e-m/nofp\libg.a(libc_a-printf.o)
                0x08001af4                printf
 .text._vfprintf_r
                0x08001b1c     0x232c C:/ARM/gcc-arm-none-eabi/bin/../lib/gcc/arm-none-eabi/14.3.1/../../../../arm-none-eabi/lib/thumb/v7e-m/nofp\libg.a(libc_a-vfprintf.o)
                0x08001b1c                _vfprintf_r
 .text.vfprintf
                0x08003e48       0x18 C:/ARM/gcc-arm-none-eabi/bin/../lib/gcc/arm-none-eabi/14.3.1/../../../../arm-none-eabi/lib/thumb/v7e-m/nofp\libg.a(libc_a-vfprintf.o)
                0x08003e48                vfprintf
 .text.__sbprintf
                0x08003e60       0x84 C:/ARM/gcc-arm-none-eabi/bin/../lib/gcc/arm-none-eabi/14.3.1/../../../../arm-none-eabi/lib/thumb/v7e-m/nofp\libg.a(libc_a-vfprintf.o)
 .text.__sprint_r
                0x08003ee4       0x20 C:/ARM/gcc-arm-none-eabi/bin/../lib/gcc/arm-none-eabi/14.3.1/../../../../arm-none-eabi/lib/thumb/v7e-m/nofp\libg.a(libc_a-sprint_r.o)
                0x08003ee4                __sprint_r
 .text.__sflush_r
                0x08003f04      0x128 C:/ARM/gcc-arm-none-eabi/bin/../lib/gcc/arm-none-eabi/14.3.1/../../../../arm-none-eabi/lib/thumb/v7e-m/nofp\libg.a(libc_a-fflush.o)
                0x08003f04                __sflush_r
 .text._fflush_r
                0x0800402c       0x54 C:/ARM/gcc-arm-none-eabi/bin/../lib/gcc/arm-none-eabi/14.3.1/../../../../arm-none-eabi/lib/thumb/v7e-m/nofp\libg.a(libc_a-fflush.o)
                0x0800402c                _fflush_r
 .text.fflush   0x08004080       0x74 C:/ARM/gcc-arm-none-eabi/bin/../lib/gcc/arm-none-eabi/14.3.1/../../../../arm-none-eabi/lib/thumb/v7e-m/nofp\libg.a(libc_a-fflush.o)
                0x08004080                fflush
 .text.stdio_exit_handler
                0x080040f4       0x18 C:/ARM/gcc-arm-none-eabi/bin/../lib/gcc/arm-none-eabi/14.3.1/../../../../arm-none-eabi/lib/thumb/v7e-m/nofp\libg.a(libc_a-findfp.o)
 .text.cleanup_stdio
                0x0800410c       0x40 C:/ARM/gcc-arm-none-eabi/bin/../lib/gcc/arm-none-eabi/14.3.1/../../../../arm-none-eabi/lib/thumb/v7e-m/nofp\libg.a(libc_a-findfp.o)
 .text.__fp_lock
                0x0800414c       0x1c C:/ARM/gcc-arm-none-eabi/bin/../lib/gcc/arm-none-eabi/14.3.1/../../../../arm-none-eabi/lib/thumb/v7e-m/nofp\libg.a(libc_a-findfp.o)
 .text.__fp_unlock
                0x08004168       0x1c C:/ARM/gcc-arm-none-eabi/bin/../lib/gcc/arm-none-eabi/14.3.1/../../../../arm-none-eabi/lib/thumb/v7e-m/nofp\libg.a(libc_a-findfp.o)
 .text.global_stdio_init.part.0
                0x08004184       0xf0 C:/ARM/gcc-arm-none-eabi/bin/../lib/gcc/arm-none-eabi/14.3.1/../../../../arm-none-eabi/lib/thumb/v7e-m/nofp\libg.a(libc_a-findfp.o)
 .text.__sfp    0x08004274       0xc0 C:/ARM/gcc-arm-none-eabi/bin/../lib/gcc/arm-none-eabi/14.3.1/../../../../arm-none-eabi/lib/thumb/v7e-m/nofp\libg.a(libc_a-findfp.o)
                0x08004274                __sfp
 .text.__sinit  0x08004334       0x3c C:/ARM/gcc-arm-none-eabi/bin/../lib/gcc/arm-none-eabi/14.3.1/../../../../arm-none-eabi/lib/thumb/v7e-m/nofp\libg.a(libc_a-findfp.o)
                0x08004334                __sinit
 .text.__sfp_lock_acquire
                0x08004370        0xc C:/ARM/gcc-arm-none-eabi/bin/../lib/gcc/arm-none-eabi/14.3.1/../../../../arm-none-eabi/lib/thumb/v7e-m/nofp\libg.a(libc_a-findfp.o)
                0x08004370                __sfp_lock_acquire
 .text.__sfp_lock_release
                0x0800437c        0xc C:/ARM/gcc-arm-none-eabi/bin/../lib/gcc/arm-none-eabi/14.3.1/../../../../arm-none-eabi/lib/thumb/v7e-m/nofp\libg.a(libc_a-findfp.o)
                0x0800437c                __sfp_lock_release
 .text.__fp_lock_all
                0x08004388       0x24 C:/ARM/gcc-arm-none-eabi/bin/../lib/gcc/arm-none-eabi/14.3.1/../../../../arm-none-eabi/lib/thumb/v7e-m/nofp\libg.a(libc_a-findfp.o)
                0x08004388                __fp_lock_all
 .text.__fp_unlock_all
                0x080043ac       0x24 C:/ARM/gcc-arm-none-eabi/bin/../lib/gcc/arm-none-eabi/14.3.1/../../../../arm-none-eabi/lib/thumb/v7e-m/nofp\libg.a(libc_a-findfp.o)
                0x080043ac                __fp_unlock_all
 .text.__sfvwrite_r
                0x080043d0      0x2d8 C:/ARM/gcc-arm-none-eabi/bin/../lib/gcc/arm-none-eabi/14.3.1/../../../../arm-none-eabi/lib/thumb/v7e-m/nofp\libg.a(libc_a-fvwrite.o)
                0x080043d0                __sfvwrite_r
 .text._fwalk_sglue
                0x080046a8       0x44 C:/ARM/gcc-arm-none-eabi/bin/../lib/gcc/arm-none-eabi/14.3.1/../../../../arm-none-eabi/lib/thumb/v7e-m/nofp\libg.a(libc_a-fwalk.o)
                0x080046a8                _fwalk_sglue
 .text.__sread  0x080046ec       0x24 C:/ARM/gcc-arm-none-eabi/bin/../lib/gcc/arm-none-eabi/14.3.1/../../../../arm-none-eabi/lib/thumb/v7e-m/nofp\libg.a(libc_a-stdio.o)
                0x080046ec                __sread
 .text.__seofread
                0x08004710        0x4 C:/ARM/gcc-arm-none-eabi/bin/../lib/gcc/arm-none-eabi/14.3.1/../../../../arm-none-eabi/lib/thumb/v7e-m/nofp\libg.a(libc_a-stdio.o)
                0x08004710                __seofread
 .text.__swrite
                0x08004714       0x40 C:/ARM/gcc-arm-none-eabi/bin/../lib/gcc/arm-none-eabi/14.3.1/../../../../arm-none-eabi/lib/thumb/v7e-m/nofp\libg.a(libc_a-stdio.o)
                0x08004714                __swrite
 .text.__sseek  0x08004754       0x24 C:/ARM/gcc-arm-none-eabi/bin/../lib/gcc/arm-none-eabi/14.3.1/../../../../arm-none-eabi/lib/thumb/v7e-m/nofp\libg.a(libc_a-stdio.o)
                0x08004754                __sseek
 .text.__sclose
                0x08004778        0x8 C:/ARM/gcc-arm-none-eabi/bin/../lib/gcc/arm-none-eabi/14.3.1/../../../../arm-none-eabi/lib/thumb/v7e-m/nofp\libg.a(libc_a-stdio.o)
                0x08004778                __sclose
 .text.__swsetup_r
                0x08004780       0xfc C:/ARM/gcc-arm-none-eabi/bin/../lib/gcc/arm-none-eabi/14.3.1/../../../../arm-none-eabi/lib/thumb/v7e-m/nofp\libg.a(libc_a-wsetup.o)
                0x08004780                __swsetup_r
 .text.memmove  0x0800487c      0x130 C:/ARM/gcc-arm-none-eabi/bin/../lib/gcc/arm-none-eabi/14.3.1/../../../../arm-none-eabi/lib/thumb/v7e-m/nofp\libg.a(libc_a-memmove.o)
                0x0800487c                memmove
 .text.memset   0x080049ac       0x9c C:/ARM/gcc-arm-none-eabi/bin/../lib/gcc/arm-none-eabi/14.3.1/../../../../arm-none-eabi/lib/thumb/v7e-m/nofp\libg.a(libc_a-memset.o)
                0x080049ac                memset
 .text.strncpy  0x08004a48       0x68 C:/ARM/gcc-arm-none-eabi/bin/../lib/gcc/arm-none-eabi/14.3.1/../../../../arm-none-eabi/lib/thumb/v7e-m/nofp\libg.a(libc_a-strncpy.o)
                0x08004a48                strncpy
 .text.__currentlocale
                0x08004ab0       0x50 C:/ARM/gcc-arm-none-eabi/bin/../lib/gcc/arm-none-eabi/14.3.1/../../../../arm-none-eabi/lib/thumb/v7e-m/nofp\libg.a(libc_a-locale.o)
                0x08004ab0                __currentlocale
 .text.__loadlocale
                0x08004b00      0x6c8 C:/ARM/gcc-arm-none-eabi/bin/../lib/gcc/arm-none-eabi/14.3.1/../../../../arm-none-eabi/lib/thumb/v7e-m/nofp\libg.a(libc_a-locale.o)
                0x08004b00                __loadlocale
 .text.__get_locale_env
                0x080051c8       0x50 C:/ARM/gcc-arm-none-eabi/bin/../lib/gcc/arm-none-eabi/14.3.1/../../../../arm-none-eabi/lib/thumb/v7e-m/nofp\libg.a(libc_a-locale.o)
                0x080051c8                __get_locale_env
 .text._setlocale_r
                0x08005218      0x228 C:/ARM/gcc-arm-none-eabi/bin/../lib/gcc/arm-none-eabi/14.3.1/../../../../arm-none-eabi/lib/thumb/v7e-m/nofp\libg.a(libc_a-locale.o)
                0x08005218                _setlocale_r
 .text.__locale_mb_cur_max
                0x08005440        0xc C:/ARM/gcc-arm-none-eabi/bin/../lib/gcc/arm-none-eabi/14.3.1/../../../../arm-none-eabi/lib/thumb/v7e-m/nofp\libg.a(libc_a-locale.o)
                0x08005440                __locale_mb_cur_max
 .text.setlocale
                0x0800544c       0x18 C:/ARM/gcc-arm-none-eabi/bin/../lib/gcc/arm-none-eabi/14.3.1/../../../../arm-none-eabi/lib/thumb/v7e-m/nofp\libg.a(libc_a-locale.o)
                0x0800544c                setlocale
 .text.__localeconv_l
                0x08005464        0x8 C:/ARM/gcc-arm-none-eabi/bin/../lib/gcc/arm-none-eabi/14.3.1/../../../../arm-none-eabi/lib/thumb/v7e-m/nofp\libg.a(libc_a-localeconv.o)
                0x08005464                __localeconv_l
 .text._localeconv_r
                0x0800546c        0x8 C:/ARM/gcc-arm-none-eabi/bin/../lib/gcc/arm-none-eabi/14.3.1/../../../../arm-none-eabi/lib/thumb/v7e-m/nofp\libg.a(libc_a-localeconv.o)
                0x0800546c                _localeconv_r
 .text.localeconv
                0x08005474        0x8 C:/ARM/gcc-arm-none-eabi/bin/../lib/gcc/arm-none-eabi/14.3.1/../../../../arm-none-eabi/lib/thumb/v7e-m/nofp\libg.a(libc_a-localeconv.o)
                0x08005474                localeconv
 .text._close_r
                0x0800547c       0x24 C:/ARM/gcc-arm-none-eabi/bin/../lib/gcc/arm-none-eabi/14.3.1/../../../../arm-none-eabi/lib/thumb/v7e-m/nofp\libg.a(libc_a-closer.o)
                0x0800547c                _close_r
 .text._reclaim_reent
                0x080054a0       0x6c C:/ARM/gcc-arm-none-eabi/bin/../lib/gcc/arm-none-eabi/14.3.1/../../../../arm-none-eabi/lib/thumb/v7e-m/nofp\libg.a(libc_a-reent.o)
                0x080054a0                _reclaim_reent
 .text._lseek_r
                0x0800550c       0x2c C:/ARM/gcc-arm-none-eabi/bin/../lib/gcc/arm-none-eabi/14.3.1/../../../../arm-none-eabi/lib/thumb/v7e-m/nofp\libg.a(libc_a-lseekr.o)
                0x0800550c                _lseek_r
 .text._read_r  0x08005538       0x2c C:/ARM/gcc-arm-none-eabi/bin/../lib/gcc/arm-none-eabi/14.3.1/../../../../arm-none-eabi/lib/thumb/v7e-m/nofp\libg.a(libc_a-readr.o)
                0x08005538                _read_r
 .text._write_r
                0x08005564       0x2c C:/ARM/gcc-arm-none-eabi/bin/../lib/gcc/arm-none-eabi/14.3.1/../../../../arm-none-eabi/lib/thumb/v7e-m/nofp\libg.a(libc_a-writer.o)
                0x08005564                _write_r
 .text.__retarget_lock_init
                0x08005590        0x4 C:/ARM/gcc-arm-none-eabi/bin/../lib/gcc/arm-none-eabi/14.3.1/../../../../arm-none-eabi/lib/thumb/v7e-m/nofp\libg.a(libc_a-lock.o)
                0x08005590                __retarget_lock_init
 .text.__retarget_lock_init_recursive
                0x08005594        0x4 C:/ARM/gcc-arm-none-eabi/bin/../lib/gcc/arm-none-eabi/14.3.1/../../../../arm-none-eabi/lib/thumb/v7e-m/nofp\libg.a(libc_a-lock.o)
                0x08005594                __retarget_lock_init_recursive
 .text.__retarget_lock_close
                0x08005598        0x4 C:/ARM/gcc-arm-none-eabi/bin/../lib/gcc/arm-none-eabi/14.3.1/../../../../arm-none-eabi/lib/thumb/v7e-m/nofp\libg.a(libc_a-lock.o)
                0x08005598                __retarget_lock_close
 .text.__retarget_lock_close_recursive
                0x0800559c        0x4 C:/ARM/gcc-arm-none-eabi/bin/../lib/gcc/arm-none-eabi/14.3.1/../../../../arm-none-eabi/lib/thumb/v7e-m/nofp\libg.a(libc_a-lock.o)
                0x0800559c                __retarget_lock_close_recursive
 .text.__retarget_lock_acquire
                0x080055a0        0x4 C:/ARM/gcc-arm-none-eabi/bin/../lib/gcc/arm-none-eabi/14.3.1/../../../../arm-none-eabi/lib/thumb/v7e-m/nofp\libg.a(libc_a-lock.o)
                0x080055a0                __retarget_lock_acquire
 .text.__retarget_lock_acquire_recursive
                0x080055a4        0x4 C:/ARM/gcc-arm-none-eabi/bin/../lib/gcc/arm-none-eabi/14.3.1/../../../../arm-none-eabi/lib/thumb/v7e-m/nofp\libg.a(libc_a-lock.o)
                0x080055a4                __retarget_lock_acquire_recursive
 .text.__retarget_lock_try_acquire
                0x080055a8        0x4 C:/ARM/gcc-arm-none-eabi/bin/../lib/gcc/arm-none-eabi/14.3.1/../../../../arm-none-eabi/lib/thumb/v7e-m/nofp\libg.a(libc_a-lock.o)
                0x080055a8                __retarget_lock_try_acquire
 .text.__retarget_lock_try_acquire_recursive
                0x080055ac        0x4 C:/ARM/gcc-arm-none-eabi/bin/../lib/gcc/arm-none-eabi/14.3.1/../../../../arm-none-eabi/lib/thumb/v7e-m/nofp\libg.a(libc_a-lock.o)
                0x080055ac                __retarget_lock_try_acquire_recursive
 .text.__retarget_lock_release
                0x080055b0        0x4 C:/ARM/gcc-arm-none-eabi/bin/../lib/gcc/arm-none-eabi/14.3.1/../../../../arm-none-eabi/lib/thumb/v7e-m/nofp\libg.a(libc_a-lock.o)
                0x080055b0                __retarget_lock_release
 .text.__retarget_lock_release_recursive
                0x080055b4        0x4 C:/ARM/gcc-arm-none-eabi/bin/../lib/gcc/arm-none-eabi/14.3.1/../../../../arm-none-eabi/lib/thumb/v7e-m/nofp\libg.a(libc_a-lock.o)
                0x080055b4                __retarget_lock_release_recursive
 .text.strcpy   0x080055b8       0xbc C:/ARM/gcc-arm-none-eabi/bin/../lib/gcc/arm-none-eabi/14.3.1/../../../../arm-none-eabi/lib/thumb/v7e-m/nofp\libg.a(libc_a-strcpy.o)
                0x080055b8                strcpy
 .text.frexp    0x08005674       0x6c C:/ARM/gcc-arm-none-eabi/bin/../lib/gcc/arm-none-eabi/14.3.1/../../../../arm-none-eabi/lib/thumb/v7e-m/nofp\libg.a(libm_a-s_frexp.o)
                0x08005674                frexp
 .text.quorem   0x080056e0      0x12c C:/ARM/gcc-arm-none-eabi/bin/../lib/gcc/arm-none-eabi/14.3.1/../../../../arm-none-eabi/lib/thumb/v7e-m/nofp\libg.a(libc_a-dtoa.o)
 *fill*         0x0800580c        0x4 
 .text._dtoa_r  0x08005810     0x1040 C:/ARM/gcc-arm-none-eabi/bin/../lib/gcc/arm-none-eabi/14.3.1/../../../../arm-none-eabi/lib/thumb/v7e-m/nofp\libg.a(libc_a-dtoa.o)
                0x08005810                _dtoa_r
 .text._malloc_trim_r
                0x08006850       0xb8 C:/ARM/gcc-arm-none-eabi/bin/../lib/gcc/arm-none-eabi/14.3.1/../../../../arm-none-eabi/lib/thumb/v7e-m/nofp\libg.a(libc_a-freer.o)
                0x08006850                _malloc_trim_r
 .text._free_r  0x08006908      0x1f0 C:/ARM/gcc-arm-none-eabi/bin/../lib/gcc/arm-none-eabi/14.3.1/../../../../arm-none-eabi/lib/thumb/v7e-m/nofp\libg.a(libc_a-freer.o)
                0x08006908                _free_r
 .text._findenv_r
                0x08006af8       0x80 C:/ARM/gcc-arm-none-eabi/bin/../lib/gcc/arm-none-eabi/14.3.1/../../../../arm-none-eabi/lib/thumb/v7e-m/nofp\libg.a(libc_a-getenv_r.o)
                0x08006af8                _findenv_r
 .text._getenv_r
                0x08006b78       0x10 C:/ARM/gcc-arm-none-eabi/bin/../lib/gcc/arm-none-eabi/14.3.1/../../../../arm-none-eabi/lib/thumb/v7e-m/nofp\libg.a(libc_a-getenv_r.o)
                0x08006b78                _getenv_r
 .text._malloc_r
                0x08006b88      0x598 C:/ARM/gcc-arm-none-eabi/bin/../lib/gcc/arm-none-eabi/14.3.1/../../../../arm-none-eabi/lib/thumb/v7e-m/nofp\libg.a(libc_a-mallocr.o)
                0x08006b88                _malloc_r
 .text._mbtowc_r
                0x08007120       0x14 C:/ARM/gcc-arm-none-eabi/bin/../lib/gcc/arm-none-eabi/14.3.1/../../../../arm-none-eabi/lib/thumb/v7e-m/nofp\libg.a(libc_a-mbtowc_r.o)
                0x08007120                _mbtowc_r
 .text.__ascii_mbtowc
                0x08007134       0x2c C:/ARM/gcc-arm-none-eabi/bin/../lib/gcc/arm-none-eabi/14.3.1/../../../../arm-none-eabi/lib/thumb/v7e-m/nofp\libg.a(libc_a-mbtowc_r.o)
                0x08007134                __ascii_mbtowc
 .text.__utf8_mbtowc
                0x08007160      0x200 C:/ARM/gcc-arm-none-eabi/bin/../lib/gcc/arm-none-eabi/14.3.1/../../../../arm-none-eabi/lib/thumb/v7e-m/nofp\libg.a(libc_a-mbtowc_r.o)
                0x08007160                __utf8_mbtowc
 .text.__sjis_mbtowc
                0x08007360       0x90 C:/ARM/gcc-arm-none-eabi/bin/../lib/gcc/arm-none-eabi/14.3.1/../../../../arm-none-eabi/lib/thumb/v7e-m/nofp\libg.a(libc_a-mbtowc_r.o)
                0x08007360                __sjis_mbtowc
 .text.__eucjp_mbtowc
                0x080073f0       0xc0 C:/ARM/gcc-arm-none-eabi/bin/../lib/gcc/arm-none-eabi/14.3.1/../../../../arm-none-eabi/lib/thumb/v7e-m/nofp\libg.a(libc_a-mbtowc_r.o)
                0x080073f0                __eucjp_mbtowc
 .text.__jis_mbtowc
                0x080074b0      0x140 C:/ARM/gcc-arm-none-eabi/bin/../lib/gcc/arm-none-eabi/14.3.1/../../../../arm-none-eabi/lib/thumb/v7e-m/nofp\libg.a(libc_a-mbtowc_r.o)
                0x080074b0                __jis_mbtowc
 .text.__malloc_lock
                0x080075f0        0xc C:/ARM/gcc-arm-none-eabi/bin/../lib/gcc/arm-none-eabi/14.3.1/../../../../arm-none-eabi/lib/thumb/v7e-m/nofp\libg.a(libc_a-mlock.o)
                0x080075f0                __malloc_lock
 .text.__malloc_unlock
                0x080075fc        0xc C:/ARM/gcc-arm-none-eabi/bin/../lib/gcc/arm-none-eabi/14.3.1/../../../../arm-none-eabi/lib/thumb/v7e-m/nofp\libg.a(libc_a-mlock.o)
                0x080075fc                __malloc_unlock
 .text._Balloc  0x08007608       0x4c C:/ARM/gcc-arm-none-eabi/bin/../lib/gcc/arm-none-eabi/14.3.1/../../../../arm-none-eabi/lib/thumb/v7e-m/nofp\libg.a(libc_a-mprec.o)
                0x08007608                _Balloc
 .text._Bfree   0x08007654       0x14 C:/ARM/gcc-arm-none-eabi/bin/../lib/gcc/arm-none-eabi/14.3.1/../../../../arm-none-eabi/lib/thumb/v7e-m/nofp\libg.a(libc_a-mprec.o)
                0x08007654                _Bfree
 .text.__multadd
                0x08007668       0xa0 C:/ARM/gcc-arm-none-eabi/bin/../lib/gcc/arm-none-eabi/14.3.1/../../../../arm-none-eabi/lib/thumb/v7e-m/nofp\libg.a(libc_a-mprec.o)
                0x08007668                __multadd
 .text.__s2b    0x08007708       0xb4 C:/ARM/gcc-arm-none-eabi/bin/../lib/gcc/arm-none-eabi/14.3.1/../../../../arm-none-eabi/lib/thumb/v7e-m/nofp\libg.a(libc_a-mprec.o)
                0x08007708                __s2b
 .text.__hi0bits
                0x080077bc       0x54 C:/ARM/gcc-arm-none-eabi/bin/../lib/gcc/arm-none-eabi/14.3.1/../../../../arm-none-eabi/lib/thumb/v7e-m/nofp\libg.a(libc_a-mprec.o)
                0x080077bc                __hi0bits
 .text.__lo0bits
                0x08007810       0x80 C:/ARM/gcc-arm-none-eabi/bin/../lib/gcc/arm-none-eabi/14.3.1/../../../../arm-none-eabi/lib/thumb/v7e-m/nofp\libg.a(libc_a-mprec.o)
                0x08007810                __lo0bits
 .text.__i2b    0x08007890       0x5c C:/ARM/gcc-arm-none-eabi/bin/../lib/gcc/arm-none-eabi/14.3.1/../../../../arm-none-eabi/lib/thumb/v7e-m/nofp\libg.a(libc_a-mprec.o)
                0x08007890                __i2b
 .text.__multiply
                0x080078ec      0x16c C:/ARM/gcc-arm-none-eabi/bin/../lib/gcc/arm-none-eabi/14.3.1/../../../../arm-none-eabi/lib/thumb/v7e-m/nofp\libg.a(libc_a-mprec.o)
                0x080078ec                __multiply
 .text.__pow5mult
                0x08007a58       0xc0 C:/ARM/gcc-arm-none-eabi/bin/../lib/gcc/arm-none-eabi/14.3.1/../../../../arm-none-eabi/lib/thumb/v7e-m/nofp\libg.a(libc_a-mprec.o)
                0x08007a58                __pow5mult
 .text.__lshift
                0x08007b18       0xe8 C:/ARM/gcc-arm-none-eabi/bin/../lib/gcc/arm-none-eabi/14.3.1/../../../../arm-none-eabi/lib/thumb/v7e-m/nofp\libg.a(libc_a-mprec.o)
                0x08007b18                __lshift
 .text.__mcmp   0x08007c00       0x40 C:/ARM/gcc-arm-none-eabi/bin/../lib/gcc/arm-none-eabi/14.3.1/../../../../arm-none-eabi/lib/thumb/v7e-m/nofp\libg.a(libc_a-mprec.o)
                0x08007c00                __mcmp
 .text.__mdiff  0x08007c40      0x174 C:/ARM/gcc-arm-none-eabi/bin/../lib/gcc/arm-none-eabi/14.3.1/../../../../arm-none-eabi/lib/thumb/v7e-m/nofp\libg.a(libc_a-mprec.o)
                0x08007c40                __mdiff
 .text.__ulp    0x08007db4       0x4c C:/ARM/gcc-arm-none-eabi/bin/../lib/gcc/arm-none-eabi/14.3.1/../../../../arm-none-eabi/lib/thumb/v7e-m/nofp\libg.a(libc_a-mprec.o)
                0x08007db4                __ulp
 .text.__b2d    0x08007e00       0xc0 C:/ARM/gcc-arm-none-eabi/bin/../lib/gcc/arm-none-eabi/14.3.1/../../../../arm-none-eabi/lib/thumb/v7e-m/nofp\libg.a(libc_a-mprec.o)
                0x08007e00                __b2d
 .text.__d2b    0x08007ec0       0xb8 C:/ARM/gcc-arm-none-eabi/bin/../lib/gcc/arm-none-eabi/14.3.1/../../../../arm-none-eabi/lib/thumb/v7e-m/nofp\libg.a(libc_a-mprec.o)
                0x08007ec0                __d2b
 .text.__ratio  0x08007f78       0x5c C:/ARM/gcc-arm-none-eabi/bin/../lib/gcc/arm-none-eabi/14.3.1/../../../../arm-none-eabi/lib/thumb/v7e-m/nofp\libg.a(libc_a-mprec.o)
                0x08007f78                __ratio
 .text._mprec_log10
                0x08007fd4       0x38 C:/ARM/gcc-arm-none-eabi/bin/../lib/gcc/arm-none-eabi/14.3.1/../../../../arm-none-eabi/lib/thumb/v7e-m/nofp\libg.a(libc_a-mprec.o)
                0x08007fd4                _mprec_log10
 .text.__copybits
                0x0800800c       0x5c C:/ARM/gcc-arm-none-eabi/bin/../lib/gcc/arm-none-eabi/14.3.1/../../../../arm-none-eabi/lib/thumb/v7e-m/nofp\libg.a(libc_a-mprec.o)
                0x0800800c                __copybits
 .text.__any_on
                0x08008068       0x58 C:/ARM/gcc-arm-none-eabi/bin/../lib/gcc/arm-none-eabi/14.3.1/../../../../arm-none-eabi/lib/thumb/v7e-m/nofp\libg.a(libc_a-mprec.o)
                0x08008068                __any_on
 .text._realloc_r
                0x080080c0      0x348 C:/ARM/gcc-arm-none-eabi/bin/../lib/gcc/arm-none-eabi/14.3.1/../../../../arm-none-eabi/lib/thumb/v7e-m/nofp\libg.a(libc_a-reallocr.o)
                0x080080c0                _realloc_r
 .text._strtol_l.isra.0
                0x08008408      0x138 C:/ARM/gcc-arm-none-eabi/bin/../lib/gcc/arm-none-eabi/14.3.1/../../../../arm-none-eabi/lib/thumb/v7e-m/nofp\libg.a(libc_a-strtol.o)
 .text._strtol_r
                0x08008540        0x4 C:/ARM/gcc-arm-none-eabi/bin/../lib/gcc/arm-none-eabi/14.3.1/../../../../arm-none-eabi/lib/thumb/v7e-m/nofp\libg.a(libc_a-strtol.o)
                0x08008540                _strtol_r
 .text.strtol_l
                0x08008544       0x18 C:/ARM/gcc-arm-none-eabi/bin/../lib/gcc/arm-none-eabi/14.3.1/../../../../arm-none-eabi/lib/thumb/v7e-m/nofp\libg.a(libc_a-strtol.o)
                0x08008544                strtol_l
 .text.strtol   0x0800855c       0x18 C:/ARM/gcc-arm-none-eabi/bin/../lib/gcc/arm-none-eabi/14.3.1/../../../../arm-none-eabi/lib/thumb/v7e-m/nofp\libg.a(libc_a-strtol.o)
                0x0800855c                strtol
 .text._wctomb_r
                0x08008574       0x14 C:/ARM/gcc-arm-none-eabi/bin/../lib/gcc/arm-none-eabi/14.3.1/../../../../arm-none-eabi/lib/thumb/v7e-m/nofp\libg.a(libc_a-wctomb_r.o)
                0x08008574                _wctomb_r
 .text.__ascii_wctomb
                0x08008588       0x1c C:/ARM/gcc-arm-none-eabi/bin/../lib/gcc/arm-none-eabi/14.3.1/../../../../arm-none-eabi/lib/thumb/v7e-m/nofp\libg.a(libc_a-wctomb_r.o)
                0x08008588                __ascii_wctomb
 .text.__utf8_wctomb
                0x080085a4       0x9c C:/ARM/gcc-arm-none-eabi/bin/../lib/gcc/arm-none-eabi/14.3.1/../../../../arm-none-eabi/lib/thumb/v7e-m/nofp\libg.a(libc_a-wctomb_r.o)
                0x080085a4                __utf8_wctomb
 .text.__sjis_wctomb
                0x08008640       0x58 C:/ARM/gcc-arm-none-eabi/bin/../lib/gcc/arm-none-eabi/14.3.1/../../../../arm-none-eabi/lib/thumb/v7e-m/nofp\libg.a(libc_a-wctomb_r.o)
                0x08008640                __sjis_wctomb
 .text.__eucjp_wctomb
                0x08008698       0x7c C:/ARM/gcc-arm-none-eabi/bin/../lib/gcc/arm-none-eabi/14.3.1/../../../../arm-none-eabi/lib/thumb/v7e-m/nofp\libg.a(libc_a-wctomb_r.o)
                0x08008698                __eucjp_wctomb
 .text.__jis_wctomb
                0x08008714       0x7c C:/ARM/gcc-arm-none-eabi/bin/../lib/gcc/arm-none-eabi/14.3.1/../../../../arm-none-eabi/lib/thumb/v7e-m/nofp\libg.a(libc_a-wctomb_r.o)
                0x08008714                __jis_wctomb
 .text._wcrtomb_r
                0x08008790       0x4c C:/ARM/gcc-arm-none-eabi/bin/../lib/gcc/arm-none-eabi/14.3.1/../../../../arm-none-eabi/lib/thumb/v7e-m/nofp\libg.a(libc_a-wcrtomb.o)
                0x08008790                _wcrtomb_r
 .text.wcrtomb  0x080087dc       0x58 C:/ARM/gcc-arm-none-eabi/bin/../lib/gcc/arm-none-eabi/14.3.1/../../../../arm-none-eabi/lib/thumb/v7e-m/nofp\libg.a(libc_a-wcrtomb.o)
                0x080087dc                wcrtomb
 .text._wcsrtombs_r
                0x08008834       0x1c C:/ARM/gcc-arm-none-eabi/bin/../lib/gcc/arm-none-eabi/14.3.1/../../../../arm-none-eabi/lib/thumb/v7e-m/nofp\libg.a(libc_a-wcsrtombs.o)
                0x08008834                _wcsrtombs_r
 .text.wcsrtombs
                0x08008850       0x24 C:/ARM/gcc-arm-none-eabi/bin/../lib/gcc/arm-none-eabi/14.3.1/../../../../arm-none-eabi/lib/thumb/v7e-m/nofp\libg.a(libc_a-wcsrtombs.o)
                0x08008850                wcsrtombs
 .text.__set_ctype
                0x08008874        0xc C:/ARM/gcc-arm-none-eabi/bin/../lib/gcc/arm-none-eabi/14.3.1/../../../../arm-none-eabi/lib/thumb/v7e-m/nofp\libg.a(libc_a-ctype_.o)
                0x08008874                __set_ctype
 .text._fclose_r
                0x08008880       0xc0 C:/ARM/gcc-arm-none-eabi/bin/../lib/gcc/arm-none-eabi/14.3.1/../../../../arm-none-eabi/lib/thumb/v7e-m/nofp\libg.a(libc_a-fclose.o)
                0x08008880                _fclose_r
 .text.fclose   0x08008940       0x10 C:/ARM/gcc-arm-none-eabi/bin/../lib/gcc/arm-none-eabi/14.3.1/../../../../arm-none-eabi/lib/thumb/v7e-m/nofp\libg.a(libc_a-fclose.o)
                0x08008940                fclose
 .text.__smakebuf_r
                0x08008950       0xd0 C:/ARM/gcc-arm-none-eabi/bin/../lib/gcc/arm-none-eabi/14.3.1/../../../../arm-none-eabi/lib/thumb/v7e-m/nofp\libg.a(libc_a-makebuf.o)
                0x08008950                __smakebuf_r
 .text.__swhatbuf_r
                0x08008a20       0x60 C:/ARM/gcc-arm-none-eabi/bin/../lib/gcc/arm-none-eabi/14.3.1/../../../../arm-none-eabi/lib/thumb/v7e-m/nofp\libg.a(libc_a-makebuf.o)
                0x08008a20                __swhatbuf_r
 .text.strcasecmp
                0x08008a80       0x44 C:/ARM/gcc-arm-none-eabi/bin/../lib/gcc/arm-none-eabi/14.3.1/../../../../arm-none-eabi/lib/thumb/v7e-m/nofp\libg.a(libc_a-strcasecmp.o)
                0x08008a80                strcasecmp
 .text.strcat   0x08008ac4       0x68 C:/ARM/gcc-arm-none-eabi/bin/../lib/gcc/arm-none-eabi/14.3.1/../../../../arm-none-eabi/lib/thumb/v7e-m/nofp\libg.a(libc_a-strcat.o)
                0x08008ac4                strcat
 .text.strchr   0x08008b2c       0xd0 C:/ARM/gcc-arm-none-eabi/bin/../lib/gcc/arm-none-eabi/14.3.1/../../../../arm-none-eabi/lib/thumb/v7e-m/nofp\libg.a(libc_a-strchr.o)
                0x08008b2c                strchr
 .text.strlcpy  0x08008bfc       0x48 C:/ARM/gcc-arm-none-eabi/bin/../lib/gcc/arm-none-eabi/14.3.1/../../../../arm-none-eabi/lib/thumb/v7e-m/nofp\libg.a(libc_a-strlcpy.o)
                0x08008bfc                strlcpy
 .text.strncasecmp
                0x08008c44       0x54 C:/ARM/gcc-arm-none-eabi/bin/../lib/gcc/arm-none-eabi/14.3.1/../../../../arm-none-eabi/lib/thumb/v7e-m/nofp\libg.a(libc_a-strncasecmp.o)
                0x08008c44                strncasecmp
 .text.strncmp  0x08008c98       0x78 C:/ARM/gcc-arm-none-eabi/bin/../lib/gcc/arm-none-eabi/14.3.1/../../../../arm-none-eabi/lib/thumb/v7e-m/nofp\libg.a(libc_a-strncmp.o)
                0x08008c98                strncmp
 .text._fstat_r
                0x08008d10       0x2c C:/ARM/gcc-arm-none-eabi/bin/../lib/gcc/arm-none-eabi/14.3.1/../../../../arm-none-eabi/lib/thumb/v7e-m/nofp\libg.a(libc_a-fstatr.o)
                0x08008d10                _fstat_r
 .text._isatty_r
                0x08008d3c       0x24 C:/ARM/gcc-arm-none-eabi/bin/../lib/gcc/arm-none-eabi/14.3.1/../../../../arm-none-eabi/lib/thumb/v7e-m/nofp\libg.a(libc_a-isattyr.o)
                0x08008d3c                _isatty_r
 .text._sbrk_r  0x08008d60       0x24 C:/ARM/gcc-arm-none-eabi/bin/../lib/gcc/arm-none-eabi/14.3.1/../../../../arm-none-eabi/lib/thumb/v7e-m/nofp\libg.a(libc_a-sbrkr.o)
                0x08008d60                _sbrk_r
 .text.__errno  0x08008d84        0xc C:/ARM/gcc-arm-none-eabi/bin/../lib/gcc/arm-none-eabi/14.3.1/../../../../arm-none-eabi/lib/thumb/v7e-m/nofp\libg.a(libc_a-errno.o)
                0x08008d84                __errno
 .text.sysconf  0x08008d90       0x1c C:/ARM/gcc-arm-none-eabi/bin/../lib/gcc/arm-none-eabi/14.3.1/../../../../arm-none-eabi/lib/thumb/v7e-m/nofp\libg.a(libc_a-sysconf.o)
                0x08008d90                sysconf
 .text.__assert_func
                0x08008dac       0x40 C:/ARM/gcc-arm-none-eabi/bin/../lib/gcc/arm-none-eabi/14.3.1/../../../../arm-none-eabi/lib/thumb/v7e-m/nofp\libg.a(libc_a-assert.o)
                0x08008dac                __assert_func
 .text.__assert
                0x08008dec        0xc C:/ARM/gcc-arm-none-eabi/bin/../lib/gcc/arm-none-eabi/14.3.1/../../../../arm-none-eabi/lib/thumb/v7e-m/nofp\libg.a(libc_a-assert.o)
                0x08008dec                __assert
 .text._calloc_r
                0x08008df8       0x6c C:/ARM/gcc-arm-none-eabi/bin/../lib/gcc/arm-none-eabi/14.3.1/../../../../arm-none-eabi/lib/thumb/v7e-m/nofp\libg.a(libc_a-callocr.o)
                0x08008df8                _calloc_r
 .text.__env_lock
                0x08008e64        0xc C:/ARM/gcc-arm-none-eabi/bin/../lib/gcc/arm-none-eabi/14.3.1/../../../../arm-none-eabi/lib/thumb/v7e-m/nofp\libg.a(libc_a-envlock.o)
                0x08008e64                __env_lock
 .text.__env_unlock
                0x08008e70        0xc C:/ARM/gcc-arm-none-eabi/bin/../lib/gcc/arm-none-eabi/14.3.1/../../../../arm-none-eabi/lib/thumb/v7e-m/nofp\libg.a(libc_a-envlock.o)
                0x08008e70                __env_unlock
 .text._wcsnrtombs_l
                0x08008e7c       0xec C:/ARM/gcc-arm-none-eabi/bin/../lib/gcc/arm-none-eabi/14.3.1/../../../../arm-none-eabi/lib/thumb/v7e-m/nofp\libg.a(libc_a-wcsnrtombs.o)
                0x08008e7c                _wcsnrtombs_l
 .text._wcsnrtombs_r
                0x08008f68       0x24 C:/ARM/gcc-arm-none-eabi/bin/../lib/gcc/arm-none-eabi/14.3.1/../../../../arm-none-eabi/lib/thumb/v7e-m/nofp\libg.a(libc_a-wcsnrtombs.o)
                0x08008f68                _wcsnrtombs_r
 .text.wcsnrtombs
                0x08008f8c       0x2c C:/ARM/gcc-arm-none-eabi/bin/../lib/gcc/arm-none-eabi/14.3.1/../../../../arm-none-eabi/lib/thumb/v7e-m/nofp\libg.a(libc_a-wcsnrtombs.o)
                0x08008f8c                wcsnrtombs
 .text._fiprintf_r
                0x08008fb8       0x1c C:/ARM/gcc-arm-none-eabi/bin/../lib/gcc/arm-none-eabi/14.3.1/../../../../arm-none-eabi/lib/thumb/v7e-m/nofp\libg.a(libc_a-fiprintf.o)
                0x08008fb8                _fiprintf_r
 .text.fiprintf
                0x08008fd4       0x28 C:/ARM/gcc-arm-none-eabi/bin/../lib/gcc/arm-none-eabi/14.3.1/../../../../arm-none-eabi/lib/thumb/v7e-m/nofp\libg.a(libc_a-fiprintf.o)
                0x08008fd4                fiprintf
 .text._vfiprintf_r
                0x08008ffc     0x1278 C:/ARM/gcc-arm-none-eabi/bin/../lib/gcc/arm-none-eabi/14.3.1/../../../../arm-none-eabi/lib/thumb/v7e-m/nofp\libg.a(libc_a-vfiprintf.o)
                0x08008ffc                _vfiprintf_r
 .text.vfiprintf
                0x0800a274       0x18 C:/ARM/gcc-arm-none-eabi/bin/../lib/gcc/arm-none-eabi/14.3.1/../../../../arm-none-eabi/lib/thumb/v7e-m/nofp\libg.a(libc_a-vfiprintf.o)
                0x0800a274                vfiprintf
 .text.__sbprintf
                0x0800a28c       0x84 C:/ARM/gcc-arm-none-eabi/bin/../lib/gcc/arm-none-eabi/14.3.1/../../../../arm-none-eabi/lib/thumb/v7e-m/nofp\libg.a(libc_a-vfiprintf.o)
 .text.abort    0x0800a310       0x10 C:/ARM/gcc-arm-none-eabi/bin/../lib/gcc/arm-none-eabi/14.3.1/../../../../arm-none-eabi/lib/thumb/v7e-m/nofp\libg.a(libc_a-abort.o)
                0x0800a310                abort
 .text._init_signal_r
                0x0800a320       0x30 C:/ARM/gcc-arm-none-eabi/bin/../lib/gcc/arm-none-eabi/14.3.1/../../../../arm-none-eabi/lib/thumb/v7e-m/nofp\libg.a(libc_a-signal.o)
                0x0800a320                _init_signal_r
 .text._signal_r
                0x0800a350       0x50 C:/ARM/gcc-arm-none-eabi/bin/../lib/gcc/arm-none-eabi/14.3.1/../../../../arm-none-eabi/lib/thumb/v7e-m/nofp\libg.a(libc_a-signal.o)
                0x0800a350                _signal_r
 .text._raise_r
                0x0800a3a0       0x54 C:/ARM/gcc-arm-none-eabi/bin/../lib/gcc/arm-none-eabi/14.3.1/../../../../arm-none-eabi/lib/thumb/v7e-m/nofp\libg.a(libc_a-signal.o)
                0x0800a3a0                _raise_r
 .text.__sigtramp_r
                0x0800a3f4       0x64 C:/ARM/gcc-arm-none-eabi/bin/../lib/gcc/arm-none-eabi/14.3.1/../../../../arm-none-eabi/lib/thumb/v7e-m/nofp\libg.a(libc_a-signal.o)
                0x0800a3f4                __sigtramp_r
 .text.raise    0x0800a458       0x58 C:/ARM/gcc-arm-none-eabi/bin/../lib/gcc/arm-none-eabi/14.3.1/../../../../arm-none-eabi/lib/thumb/v7e-m/nofp\libg.a(libc_a-signal.o)
                0x0800a458                raise
 .text.signal   0x0800a4b0       0x50 C:/ARM/gcc-arm-none-eabi/bin/../lib/gcc/arm-none-eabi/14.3.1/../../../../arm-none-eabi/lib/thumb/v7e-m/nofp\libg.a(libc_a-signal.o)
                0x0800a4b0                signal
 .text._init_signal
                0x0800a500       0x38 C:/ARM/gcc-arm-none-eabi/bin/../lib/gcc/arm-none-eabi/14.3.1/../../../../arm-none-eabi/lib/thumb/v7e-m/nofp\libg.a(libc_a-signal.o)
                0x0800a500                _init_signal
 .text.__sigtramp
                0x0800a538       0x64 C:/ARM/gcc-arm-none-eabi/bin/../lib/gcc/arm-none-eabi/14.3.1/../../../../arm-none-eabi/lib/thumb/v7e-m/nofp\libg.a(libc_a-signal.o)
                0x0800a538                __sigtramp
 .text._kill_r  0x0800a59c       0x2c C:/ARM/gcc-arm-none-eabi/bin/../lib/gcc/arm-none-eabi/14.3.1/../../../../arm-none-eabi/lib/thumb/v7e-m/nofp\libg.a(libc_a-signalr.o)
                0x0800a59c                _kill_r
 .text._getpid_r
                0x0800a5c8        0x4 C:/ARM/gcc-arm-none-eabi/bin/../lib/gcc/arm-none-eabi/14.3.1/../../../../arm-none-eabi/lib/thumb/v7e-m/nofp\libg.a(libc_a-signalr.o)
                0x0800a5c8                _getpid_r
 *(.rodata)
 .rodata        0x0800a5cc       0x5d C:\Users\juan_\AppData\Local\Temp\ccMRGFaN.o
 *(.rodata*)
 *fill*         0x0800a629        0x3 
 .rodata._vfprintf_r.str1.4
                0x0800a62c      0x29b C:/ARM/gcc-arm-none-eabi/bin/../lib/gcc/arm-none-eabi/14.3.1/../../../../arm-none-eabi/lib/thumb/v7e-m/nofp\libg.a(libc_a-vfprintf.o)
                                 0x42 (size before relaxing)
 *fill*         0x0800a8c7        0x1 
 .rodata.zeroes.0
                0x0800a8c8       0x10 C:/ARM/gcc-arm-none-eabi/bin/../lib/gcc/arm-none-eabi/14.3.1/../../../../arm-none-eabi/lib/thumb/v7e-m/nofp\libg.a(libc_a-vfprintf.o)
 .rodata.blanks.1
                0x0800a8d8       0x10 C:/ARM/gcc-arm-none-eabi/bin/../lib/gcc/arm-none-eabi/14.3.1/../../../../arm-none-eabi/lib/thumb/v7e-m/nofp\libg.a(libc_a-vfprintf.o)
 .rodata.__currentlocale.str1.4
                0x0800a8e8        0x2 C:/ARM/gcc-arm-none-eabi/bin/../lib/gcc/arm-none-eabi/14.3.1/../../../../arm-none-eabi/lib/thumb/v7e-m/nofp\libg.a(libc_a-locale.o)
 .rodata.__loadlocale.str1.4
                0x0800a8e8       0xde C:/ARM/gcc-arm-none-eabi/bin/../lib/gcc/arm-none-eabi/14.3.1/../../../../arm-none-eabi/lib/thumb/v7e-m/nofp\libg.a(libc_a-locale.o)
 .rodata.__get_locale_env.str1.4
                0x0800a8e8        0xd C:/ARM/gcc-arm-none-eabi/bin/../lib/gcc/arm-none-eabi/14.3.1/../../../../arm-none-eabi/lib/thumb/v7e-m/nofp\libg.a(libc_a-locale.o)
 .rodata.str1.4
                0x0800a8e8       0x4c C:/ARM/gcc-arm-none-eabi/bin/../lib/gcc/arm-none-eabi/14.3.1/../../../../arm-none-eabi/lib/thumb/v7e-m/nofp\libg.a(libc_a-locale.o)
 .rodata.__C_locale
                0x0800a8e8      0x254 C:/ARM/gcc-arm-none-eabi/bin/../lib/gcc/arm-none-eabi/14.3.1/../../../../arm-none-eabi/lib/thumb/v7e-m/nofp\libg.a(libc_a-locale.o)
                0x0800a8e8                __C_locale
 .rodata.categories
                0x0800ab3c       0x1c C:/ARM/gcc-arm-none-eabi/bin/../lib/gcc/arm-none-eabi/14.3.1/../../../../arm-none-eabi/lib/thumb/v7e-m/nofp\libg.a(libc_a-locale.o)
 .rodata._dtoa_r.str1.4
                0x0800ab58       0x81 C:/ARM/gcc-arm-none-eabi/bin/../lib/gcc/arm-none-eabi/14.3.1/../../../../arm-none-eabi/lib/thumb/v7e-m/nofp\libg.a(libc_a-dtoa.o)
 .rodata.JIS_action_table
                0x0800ab58       0x48 C:/ARM/gcc-arm-none-eabi/bin/../lib/gcc/arm-none-eabi/14.3.1/../../../../arm-none-eabi/lib/thumb/v7e-m/nofp\libg.a(libc_a-mbtowc_r.o)
 .rodata.JIS_state_table
                0x0800aba0       0x48 C:/ARM/gcc-arm-none-eabi/bin/../lib/gcc/arm-none-eabi/14.3.1/../../../../arm-none-eabi/lib/thumb/v7e-m/nofp\libg.a(libc_a-mbtowc_r.o)
 .rodata.__multadd.str1.4
                0x0800abe8       0x6e C:/ARM/gcc-arm-none-eabi/bin/../lib/gcc/arm-none-eabi/14.3.1/../../../../arm-none-eabi/lib/thumb/v7e-m/nofp\libg.a(libc_a-mprec.o)
 .rodata.p05.0  0x0800abe8        0xc C:/ARM/gcc-arm-none-eabi/bin/../lib/gcc/arm-none-eabi/14.3.1/../../../../arm-none-eabi/lib/thumb/v7e-m/nofp\libg.a(libc_a-mprec.o)
 *fill*         0x0800abf4        0x4 
 .rodata.__mprec_tinytens
                0x0800abf8       0x28 C:/ARM/gcc-arm-none-eabi/bin/../lib/gcc/arm-none-eabi/14.3.1/../../../../arm-none-eabi/lib/thumb/v7e-m/nofp\libg.a(libc_a-mprec.o)
                0x0800abf8                __mprec_tinytens
 .rodata.__mprec_bigtens
                0x0800ac20       0x28 C:/ARM/gcc-arm-none-eabi/bin/../lib/gcc/arm-none-eabi/14.3.1/../../../../arm-none-eabi/lib/thumb/v7e-m/nofp\libg.a(libc_a-mprec.o)
                0x0800ac20                __mprec_bigtens
 .rodata.__mprec_tens
                0x0800ac48       0xc8 C:/ARM/gcc-arm-none-eabi/bin/../lib/gcc/arm-none-eabi/14.3.1/../../../../arm-none-eabi/lib/thumb/v7e-m/nofp\libg.a(libc_a-mprec.o)
                0x0800ac48                __mprec_tens
 .rodata._ctype_
                0x0800ad10      0x101 C:/ARM/gcc-arm-none-eabi/bin/../lib/gcc/arm-none-eabi/14.3.1/../../../../arm-none-eabi/lib/thumb/v7e-m/nofp\libg.a(libc_a-ctype_.o)
                0x0800ad10                _ctype_
 .rodata.__assert_func.str1.4
                0x0800ae11       0x43 C:/ARM/gcc-arm-none-eabi/bin/../lib/gcc/arm-none-eabi/14.3.1/../../../../arm-none-eabi/lib/thumb/v7e-m/nofp\libg.a(libc_a-assert.o)
 .rodata._vfiprintf_r.str1.4
                0x0800ae11       0x2f C:/ARM/gcc-arm-none-eabi/bin/../lib/gcc/arm-none-eabi/14.3.1/../../../../arm-none-eabi/lib/thumb/v7e-m/nofp\libg.a(libc_a-vfiprintf.o)
 *fill*         0x0800ae11        0x3 
 .rodata.zeroes.0
                0x0800ae14       0x10 C:/ARM/gcc-arm-none-eabi/bin/../lib/gcc/arm-none-eabi/14.3.1/../../../../arm-none-eabi/lib/thumb/v7e-m/nofp\libg.a(libc_a-vfiprintf.o)
 .rodata.blanks.1
                0x0800ae24       0x10 C:/ARM/gcc-arm-none-eabi/bin/../lib/gcc/arm-none-eabi/14.3.1/../../../../arm-none-eabi/lib/thumb/v7e-m/nofp\libg.a(libc_a-vfiprintf.o)
 *(.init)
 *(.fini)

.glue_7         0x0800ae34        0x0
 .glue_7        0x0800ae34        0x0 linker stubs

.glue_7t        0x0800ae34        0x0
 .glue_7t       0x0800ae34        0x0 linker stubs

.vfp11_veneer   0x0800ae34        0x0
 .vfp11_veneer  0x0800ae34        0x0 linker stubs

.v4_bx          0x0800ae34        0x0
 .v4_bx         0x0800ae34        0x0 linker stubs

.iplt           0x0800ae34        0x0
 .iplt          0x0800ae34        0x0 C:\Users\juan_\AppData\Local\Temp\ccMRGFaN.o

.rel.dyn        0x0800ae34        0x0
 .rel.iplt      0x0800ae34        0x0 C:\Users\juan_\AppData\Local\Temp\ccMRGFaN.o

.data           0x20000000      0x89c load address 0x0800ae34
                0x0800ae34                        _sidata = LOADADDR (.data)
                0x20000000                        _sdata = .
 *(.data)
 .data          0x20000000        0x0 C:\Users\juan_\AppData\Local\Temp\ccMRGFaN.o
 .data          0x20000000        0x0 C:\Users\juan_\AppData\Local\Temp\ccOClL2H.o
 .data          0x20000000        0x0 C:\Users\juan_\AppData\Local\Temp\ccW4yMyI.o
 .data          0x20000000        0x0 C:\Users\juan_\AppData\Local\Temp\ccGirpHM.o
 .data          0x20000000        0x0 C:\Users\juan_\AppData\Local\Temp\ccLwKs9N.o
 .data          0x20000000        0x4 C:\Users\juan_\AppData\Local\Temp\cc0XxvYQ.o
                0x20000000                SystemCoreClock
 .data          0x20000004        0x0 C:\Users\juan_\AppData\Local\Temp\ccDl3G0W.o
 .data          0x20000004        0x0 C:/ARM/gcc-arm-none-eabi/bin/../lib/gcc/arm-none-eabi/14.3.1/../../../../arm-none-eabi/lib/thumb/v7e-m/nofp\libg.a(libc_a-printf.o)
 .data          0x20000004        0x0 C:/ARM/gcc-arm-none-eabi/bin/../lib/gcc/arm-none-eabi/14.3.1/../../../../arm-none-eabi/lib/thumb/v7e-m/nofp\libg.a(libc_a-impure.o)
 .data          0x20000004        0x0 C:/ARM/gcc-arm-none-eabi/bin/../lib/gcc/arm-none-eabi/14.3.1/../../../../arm-none-eabi/lib/thumb/v7e-m/nofp\libg.a(libc_a-vfprintf.o)
 .data          0x20000004        0x0 C:/ARM/gcc-arm-none-eabi/bin/../lib/gcc/arm-none-eabi/14.3.1/../../../../arm-none-eabi/lib/thumb/v7e-m/nofp\libg.a(libc_a-sprint_r.o)
 .data          0x20000004        0x0 C:/ARM/gcc-arm-none-eabi/bin/../lib/gcc/arm-none-eabi/14.3.1/../../../../arm-none-eabi/lib/thumb/v7e-m/nofp\libg.a(libc_a-fflush.o)
 .data          0x20000004        0x0 C:/ARM/gcc-arm-none-eabi/bin/../lib/gcc/arm-none-eabi/14.3.1/../../../../arm-none-eabi/lib/thumb/v7e-m/nofp\libg.a(libc_a-findfp.o)
 .data          0x20000004        0x0 C:/ARM/gcc-arm-none-eabi/bin/../lib/gcc/arm-none-eabi/14.3.1/../../../../arm-none-eabi/lib/thumb/v7e-m/nofp\libg.a(libc_a-fvwrite.o)
 .data          0x20000004        0x0 C:/ARM/gcc-arm-none-eabi/bin/../lib/gcc/arm-none-eabi/14.3.1/../../../../arm-none-eabi/lib/thumb/v7e-m/nofp\libg.a(libc_a-fwalk.o)
 .data          0x20000004        0x0 C:/ARM/gcc-arm-none-eabi/bin/../lib/gcc/arm-none-eabi/14.3.1/../../../../arm-none-eabi/lib/thumb/v7e-m/nofp\libg.a(libc_a-stdio.o)
 .data          0x20000004        0x0 C:/ARM/gcc-arm-none-eabi/bin/../lib/gcc/arm-none-eabi/14.3.1/../../../../arm-none-eabi/lib/thumb/v7e-m/nofp\libg.a(libc_a-wsetup.o)
 .data          0x20000004        0x0 C:/ARM/gcc-arm-none-eabi/bin/../lib/gcc/arm-none-eabi/14.3.1/../../../../arm-none-eabi/lib/thumb/v7e-m/nofp\libg.a(libc_a-memmove.o)
 .data          0x20000004        0x0 C:/ARM/gcc-arm-none-eabi/bin/../lib/gcc/arm-none-eabi/14.3.1/../../../../arm-none-eabi/lib/thumb/v7e-m/nofp\libg.a(libc_a-memset.o)
 .data          0x20000004        0x0 C:/ARM/gcc-arm-none-eabi/bin/../lib/gcc/arm-none-eabi/14.3.1/../../../../arm-none-eabi/lib/thumb/v7e-m/nofp\libg.a(libc_a-strncpy.o)
 .data          0x20000004        0x0 C:/ARM/gcc-arm-none-eabi/bin/../lib/gcc/arm-none-eabi/14.3.1/../../../../arm-none-eabi/lib/thumb/v7e-m/nofp\libg.a(libc_a-locale.o)
 .data          0x20000004        0x0 C:/ARM/gcc-arm-none-eabi/bin/../lib/gcc/arm-none-eabi/14.3.1/../../../../arm-none-eabi/lib/thumb/v7e-m/nofp\libg.a(libc_a-localeconv.o)
 .data          0x20000004        0x0 C:/ARM/gcc-arm-none-eabi/bin/../lib/gcc/arm-none-eabi/14.3.1/../../../../arm-none-eabi/lib/thumb/v7e-m/nofp\libg.a(libc_a-closer.o)
 .data          0x20000004        0x0 C:/ARM/gcc-arm-none-eabi/bin/../lib/gcc/arm-none-eabi/14.3.1/../../../../arm-none-eabi/lib/thumb/v7e-m/nofp\libg.a(libc_a-reent.o)
 .data          0x20000004        0x0 C:/ARM/gcc-arm-none-eabi/bin/../lib/gcc/arm-none-eabi/14.3.1/../../../../arm-none-eabi/lib/thumb/v7e-m/nofp\libg.a(libc_a-lseekr.o)
 .data          0x20000004        0x0 C:/ARM/gcc-arm-none-eabi/bin/../lib/gcc/arm-none-eabi/14.3.1/../../../../arm-none-eabi/lib/thumb/v7e-m/nofp\libg.a(libc_a-readr.o)
 .data          0x20000004        0x0 C:/ARM/gcc-arm-none-eabi/bin/../lib/gcc/arm-none-eabi/14.3.1/../../../../arm-none-eabi/lib/thumb/v7e-m/nofp\libg.a(libc_a-writer.o)
 .data          0x20000004        0x0 C:/ARM/gcc-arm-none-eabi/bin/../lib/gcc/arm-none-eabi/14.3.1/../../../../arm-none-eabi/lib/thumb/v7e-m/nofp\libg.a(libc_a-lock.o)
 .data          0x20000004        0x0 C:/ARM/gcc-arm-none-eabi/bin/../lib/gcc/arm-none-eabi/14.3.1/../../../../arm-none-eabi/lib/thumb/v7e-m/nofp\libg.a(libc_a-strcmp.o)
 .data          0x20000004        0x0 C:/ARM/gcc-arm-none-eabi/bin/../lib/gcc/arm-none-eabi/14.3.1/../../../../arm-none-eabi/lib/thumb/v7e-m/nofp\libg.a(libc_a-strcpy.o)
 .data          0x20000004        0x0 C:/ARM/gcc-arm-none-eabi/bin/../lib/gcc/arm-none-eabi/14.3.1/../../../../arm-none-eabi/lib/thumb/v7e-m/nofp\libg.a(libc_a-memchr.o)
 .data          0x20000004        0x0 C:/ARM/gcc-arm-none-eabi/bin/../lib/gcc/arm-none-eabi/14.3.1/../../../../arm-none-eabi/lib/thumb/v7e-m/nofp\libg.a(libc_a-memcpy.o)
 .data          0x20000004        0x0 C:/ARM/gcc-arm-none-eabi/bin/../lib/gcc/arm-none-eabi/14.3.1/../../../../arm-none-eabi/lib/thumb/v7e-m/nofp\libg.a(libc_a-strlen.o)
 .data          0x20000004        0x0 C:/ARM/gcc-arm-none-eabi/bin/../lib/gcc/arm-none-eabi/14.3.1/../../../../arm-none-eabi/lib/thumb/v7e-m/nofp\libg.a(libm_a-s_frexp.o)
 .data          0x20000004        0x0 C:/ARM/gcc-arm-none-eabi/bin/../lib/gcc/arm-none-eabi/14.3.1/../../../../arm-none-eabi/lib/thumb/v7e-m/nofp\libg.a(libc_a-dtoa.o)
 .data          0x20000004        0x0 C:/ARM/gcc-arm-none-eabi/bin/../lib/gcc/arm-none-eabi/14.3.1/../../../../arm-none-eabi/lib/thumb/v7e-m/nofp\libg.a(libc_a-freer.o)
 .data          0x20000004        0x0 C:/ARM/gcc-arm-none-eabi/bin/../lib/gcc/arm-none-eabi/14.3.1/../../../../arm-none-eabi/lib/thumb/v7e-m/nofp\libg.a(libc_a-getenv_r.o)
 .data          0x20000004        0x0 C:/ARM/gcc-arm-none-eabi/bin/../lib/gcc/arm-none-eabi/14.3.1/../../../../arm-none-eabi/lib/thumb/v7e-m/nofp\libg.a(libc_a-mallocr.o)
 .data          0x20000004        0x0 C:/ARM/gcc-arm-none-eabi/bin/../lib/gcc/arm-none-eabi/14.3.1/../../../../arm-none-eabi/lib/thumb/v7e-m/nofp\libg.a(libc_a-mbtowc_r.o)
 .data          0x20000004        0x0 C:/ARM/gcc-arm-none-eabi/bin/../lib/gcc/arm-none-eabi/14.3.1/../../../../arm-none-eabi/lib/thumb/v7e-m/nofp\libg.a(libc_a-mlock.o)
 .data          0x20000004        0x0 C:/ARM/gcc-arm-none-eabi/bin/../lib/gcc/arm-none-eabi/14.3.1/../../../../arm-none-eabi/lib/thumb/v7e-m/nofp\libg.a(libc_a-mprec.o)
 .data          0x20000004        0x0 C:/ARM/gcc-arm-none-eabi/bin/../lib/gcc/arm-none-eabi/14.3.1/../../../../arm-none-eabi/lib/thumb/v7e-m/nofp\libg.a(libc_a-reallocr.o)
 .data          0x20000004        0x0 C:/ARM/gcc-arm-none-eabi/bin/../lib/gcc/arm-none-eabi/14.3.1/../../../../arm-none-eabi/lib/thumb/v7e-m/nofp\libg.a(libc_a-strtol.o)
 .data          0x20000004        0x0 C:/ARM/gcc-arm-none-eabi/bin/../lib/gcc/arm-none-eabi/14.3.1/../../../../arm-none-eabi/lib/thumb/v7e-m/nofp\libg.a(libc_a-wctomb_r.o)
 .data          0x20000004        0x0 C:/ARM/gcc-arm-none-eabi/bin/../lib/gcc/arm-none-eabi/14.3.1/../../../../arm-none-eabi/lib/thumb/v7e-m/nofp\libg.a(libc_a-wcrtomb.o)
 .data          0x20000004        0x0 C:/ARM/gcc-arm-none-eabi/bin/../lib/gcc/arm-none-eabi/14.3.1/../../../../arm-none-eabi/lib/thumb/v7e-m/nofp\libg.a(libc_a-wcsrtombs.o)
 .data          0x20000004        0x0 C:/ARM/gcc-arm-none-eabi/bin/../lib/gcc/arm-none-eabi/14.3.1/../../../../arm-none-eabi/lib/thumb/v7e-m/nofp\libg.a(libc_a-ctype_.o)
 .data          0x20000004        0x0 C:/ARM/gcc-arm-none-eabi/bin/../lib/gcc/arm-none-eabi/14.3.1/../../../../arm-none-eabi/lib/thumb/v7e-m/nofp\libg.a(libc_a-fclose.o)
 .data          0x20000004        0x0 C:/ARM/gcc-arm-none-eabi/bin/../lib/gcc/arm-none-eabi/14.3.1/../../../../arm-none-eabi/lib/thumb/v7e-m/nofp\libg.a(libc_a-makebuf.o)
 .data          0x20000004        0x0 C:/ARM/gcc-arm-none-eabi/bin/../lib/gcc/arm-none-eabi/14.3.1/../../../../arm-none-eabi/lib/thumb/v7e-m/nofp\libg.a(libc_a-strcasecmp.o)
 .data          0x20000004        0x0 C:/ARM/gcc-arm-none-eabi/bin/../lib/gcc/arm-none-eabi/14.3.1/../../../../arm-none-eabi/lib/thumb/v7e-m/nofp\libg.a(libc_a-strcat.o)
 .data          0x20000004        0x0 C:/ARM/gcc-arm-none-eabi/bin/../lib/gcc/arm-none-eabi/14.3.1/../../../../arm-none-eabi/lib/thumb/v7e-m/nofp\libg.a(libc_a-strchr.o)
 .data          0x20000004        0x0 C:/ARM/gcc-arm-none-eabi/bin/../lib/gcc/arm-none-eabi/14.3.1/../../../../arm-none-eabi/lib/thumb/v7e-m/nofp\libg.a(libc_a-strlcpy.o)
 .data          0x20000004        0x0 C:/ARM/gcc-arm-none-eabi/bin/../lib/gcc/arm-none-eabi/14.3.1/../../../../arm-none-eabi/lib/thumb/v7e-m/nofp\libg.a(libc_a-strncasecmp.o)
 .data          0x20000004        0x0 C:/ARM/gcc-arm-none-eabi/bin/../lib/gcc/arm-none-eabi/14.3.1/../../../../arm-none-eabi/lib/thumb/v7e-m/nofp\libg.a(libc_a-strncmp.o)
 .data          0x20000004        0x0 C:/ARM/gcc-arm-none-eabi/bin/../lib/gcc/arm-none-eabi/14.3.1/../../../../arm-none-eabi/lib/thumb/v7e-m/nofp\libg.a(libc_a-fstatr.o)
 .data          0x20000004        0x0 C:/ARM/gcc-arm-none-eabi/bin/../lib/gcc/arm-none-eabi/14.3.1/../../../../arm-none-eabi/lib/thumb/v7e-m/nofp\libg.a(libc_a-isattyr.o)
 .data          0x20000004        0x0 C:/ARM/gcc-arm-none-eabi/bin/../lib/gcc/arm-none-eabi/14.3.1/../../../../arm-none-eabi/lib/thumb/v7e-m/nofp\libg.a(libc_a-sbrkr.o)
 .data          0x20000004        0x0 C:/ARM/gcc-arm-none-eabi/bin/../lib/gcc/arm-none-eabi/14.3.1/../../../../arm-none-eabi/lib/thumb/v7e-m/nofp\libg.a(libc_a-errno.o)
 .data          0x20000004        0x0 C:/ARM/gcc-arm-none-eabi/bin/../lib/gcc/arm-none-eabi/14.3.1/../../../../arm-none-eabi/lib/thumb/v7e-m/nofp\libg.a(libc_a-sysconf.o)
 .data          0x20000004        0x0 C:/ARM/gcc-arm-none-eabi/bin/../lib/gcc/arm-none-eabi/14.3.1/../../../../arm-none-eabi/lib/thumb/v7e-m/nofp\libg.a(libc_a-assert.o)
 .data          0x20000004        0x0 C:/ARM/gcc-arm-none-eabi/bin/../lib/gcc/arm-none-eabi/14.3.1/../../../../arm-none-eabi/lib/thumb/v7e-m/nofp\libg.a(libc_a-callocr.o)
 .data          0x20000004        0x0 C:/ARM/gcc-arm-none-eabi/bin/../lib/gcc/arm-none-eabi/14.3.1/../../../../arm-none-eabi/lib/thumb/v7e-m/nofp\libg.a(libc_a-environ.o)
 .data          0x20000004        0x0 C:/ARM/gcc-arm-none-eabi/bin/../lib/gcc/arm-none-eabi/14.3.1/../../../../arm-none-eabi/lib/thumb/v7e-m/nofp\libg.a(libc_a-envlock.o)
 .data          0x20000004        0x0 C:/ARM/gcc-arm-none-eabi/bin/../lib/gcc/arm-none-eabi/14.3.1/../../../../arm-none-eabi/lib/thumb/v7e-m/nofp\libg.a(libc_a-wcsnrtombs.o)
 .data          0x20000004        0x0 C:/ARM/gcc-arm-none-eabi/bin/../lib/gcc/arm-none-eabi/14.3.1/../../../../arm-none-eabi/lib/thumb/v7e-m/nofp\libg.a(libc_a-fiprintf.o)
 .data          0x20000004        0x0 C:/ARM/gcc-arm-none-eabi/bin/../lib/gcc/arm-none-eabi/14.3.1/../../../../arm-none-eabi/lib/thumb/v7e-m/nofp\libg.a(libc_a-vfiprintf.o)
 .data          0x20000004        0x0 C:/ARM/gcc-arm-none-eabi/bin/../lib/gcc/arm-none-eabi/14.3.1/../../../../arm-none-eabi/lib/thumb/v7e-m/nofp\libg.a(libc_a-abort.o)
 .data          0x20000004        0x0 C:/ARM/gcc-arm-none-eabi/bin/../lib/gcc/arm-none-eabi/14.3.1/../../../../arm-none-eabi/lib/thumb/v7e-m/nofp\libg.a(libc_a-signal.o)
 .data          0x20000004        0x0 C:/ARM/gcc-arm-none-eabi/bin/../lib/gcc/arm-none-eabi/14.3.1/../../../../arm-none-eabi/lib/thumb/v7e-m/nofp\libg.a(libc_a-signalr.o)
 .data          0x20000004        0x0 C:/ARM/gcc-arm-none-eabi/bin/../lib/gcc/arm-none-eabi/14.3.1/thumb/v7e-m/nofp\libgcc.a(_arm_muldf3.o)
 .data          0x20000004        0x0 C:/ARM/gcc-arm-none-eabi/bin/../lib/gcc/arm-none-eabi/14.3.1/thumb/v7e-m/nofp\libgcc.a(_arm_addsubdf3.o)
 .data          0x20000004        0x0 C:/ARM/gcc-arm-none-eabi/bin/../lib/gcc/arm-none-eabi/14.3.1/thumb/v7e-m/nofp\libgcc.a(_arm_muldivdf3.o)
 .data          0x20000004        0x0 C:/ARM/gcc-arm-none-eabi/bin/../lib/gcc/arm-none-eabi/14.3.1/thumb/v7e-m/nofp\libgcc.a(_arm_cmpdf2.o)
 .data          0x20000004        0x0 C:/ARM/gcc-arm-none-eabi/bin/../lib/gcc/arm-none-eabi/14.3.1/thumb/v7e-m/nofp\libgcc.a(_arm_unorddf2.o)
 .data          0x20000004        0x0 C:/ARM/gcc-arm-none-eabi/bin/../lib/gcc/arm-none-eabi/14.3.1/thumb/v7e-m/nofp\libgcc.a(_arm_fixdfsi.o)
 *(.data*)
 .data._impure_ptr
                0x20000004        0x4 C:/ARM/gcc-arm-none-eabi/bin/../lib/gcc/arm-none-eabi/14.3.1/../../../../arm-none-eabi/lib/thumb/v7e-m/nofp\libg.a(libc_a-impure.o)
                0x20000004                _impure_ptr
 .data._impure_data
                0x20000008      0x200 C:/ARM/gcc-arm-none-eabi/bin/../lib/gcc/arm-none-eabi/14.3.1/../../../../arm-none-eabi/lib/thumb/v7e-m/nofp\libg.a(libc_a-impure.o)
                0x20000008                _impure_data
 .data.__sglue  0x20000208        0xc C:/ARM/gcc-arm-none-eabi/bin/../lib/gcc/arm-none-eabi/14.3.1/../../../../arm-none-eabi/lib/thumb/v7e-m/nofp\libg.a(libc_a-findfp.o)
                0x20000208                __sglue
 .data.__global_locale
                0x20000214      0x254 C:/ARM/gcc-arm-none-eabi/bin/../lib/gcc/arm-none-eabi/14.3.1/../../../../arm-none-eabi/lib/thumb/v7e-m/nofp\libg.a(libc_a-locale.o)
                0x20000214                __global_locale
 .data.__default_locale
                0x20000468       0x20 C:/ARM/gcc-arm-none-eabi/bin/../lib/gcc/arm-none-eabi/14.3.1/../../../../arm-none-eabi/lib/thumb/v7e-m/nofp\libg.a(libc_a-locale.o)
                0x20000468                __default_locale
 .data.__malloc_sbrk_base
                0x20000488        0x4 C:/ARM/gcc-arm-none-eabi/bin/../lib/gcc/arm-none-eabi/14.3.1/../../../../arm-none-eabi/lib/thumb/v7e-m/nofp\libg.a(libc_a-mallocr.o)
                0x20000488                __malloc_sbrk_base
 .data.__malloc_trim_threshold
                0x2000048c        0x4 C:/ARM/gcc-arm-none-eabi/bin/../lib/gcc/arm-none-eabi/14.3.1/../../../../arm-none-eabi/lib/thumb/v7e-m/nofp\libg.a(libc_a-mallocr.o)
                0x2000048c                __malloc_trim_threshold
 .data.__malloc_av_
                0x20000490      0x408 C:/ARM/gcc-arm-none-eabi/bin/../lib/gcc/arm-none-eabi/14.3.1/../../../../arm-none-eabi/lib/thumb/v7e-m/nofp\libg.a(libc_a-mallocr.o)
                0x20000490                __malloc_av_
 .data.environ  0x20000898        0x4 C:/ARM/gcc-arm-none-eabi/bin/../lib/gcc/arm-none-eabi/14.3.1/../../../../arm-none-eabi/lib/thumb/v7e-m/nofp\libg.a(libc_a-environ.o)
                0x20000898                environ
                0x2000089c                        _edata = .

.igot.plt       0x2000089c        0x0 load address 0x0800b6d0
 .igot.plt      0x2000089c        0x0 C:\Users\juan_\AppData\Local\Temp\ccMRGFaN.o

.bss            0x2000089c      0x3c8 load address 0x0800b6d0
                0x2000089c                        _sbss = .
 *(.bss)
 .bss           0x2000089c        0x0 C:\Users\juan_\AppData\Local\Temp\ccMRGFaN.o
 .bss           0x2000089c        0x4 C:\Users\juan_\AppData\Local\Temp\ccOClL2H.o
                0x2000089c                g_tick_ms
 .bss           0x200008a0        0x0 C:\Users\juan_\AppData\Local\Temp\ccW4yMyI.o
 .bss           0x200008a0       0x67 C:\Users\juan_\AppData\Local\Temp\ccGirpHM.o
                0x200008a0                rx_buffer
                0x20000904                rx_index
                0x20000905                frase_completa
 .bss           0x20000907        0x0 C:\Users\juan_\AppData\Local\Temp\ccLwKs9N.o
 .bss           0x20000907        0x0 C:\Users\juan_\AppData\Local\Temp\cc0XxvYQ.o
 .bss           0x20000907        0x0 C:\Users\juan_\AppData\Local\Temp\ccDl3G0W.o
 .bss           0x20000907        0x0 C:/ARM/gcc-arm-none-eabi/bin/../lib/gcc/arm-none-eabi/14.3.1/../../../../arm-none-eabi/lib/thumb/v7e-m/nofp\libg.a(libc_a-printf.o)
 .bss           0x20000907        0x0 C:/ARM/gcc-arm-none-eabi/bin/../lib/gcc/arm-none-eabi/14.3.1/../../../../arm-none-eabi/lib/thumb/v7e-m/nofp\libg.a(libc_a-impure.o)
 .bss           0x20000907        0x0 C:/ARM/gcc-arm-none-eabi/bin/../lib/gcc/arm-none-eabi/14.3.1/../../../../arm-none-eabi/lib/thumb/v7e-m/nofp\libg.a(libc_a-vfprintf.o)
 .bss           0x20000907        0x0 C:/ARM/gcc-arm-none-eabi/bin/../lib/gcc/arm-none-eabi/14.3.1/../../../../arm-none-eabi/lib/thumb/v7e-m/nofp\libg.a(libc_a-sprint_r.o)
 .bss           0x20000907        0x0 C:/ARM/gcc-arm-none-eabi/bin/../lib/gcc/arm-none-eabi/14.3.1/../../../../arm-none-eabi/lib/thumb/v7e-m/nofp\libg.a(libc_a-fflush.o)
 .bss           0x20000907        0x0 C:/ARM/gcc-arm-none-eabi/bin/../lib/gcc/arm-none-eabi/14.3.1/../../../../arm-none-eabi/lib/thumb/v7e-m/nofp\libg.a(libc_a-findfp.o)
 .bss           0x20000907        0x0 C:/ARM/gcc-arm-none-eabi/bin/../lib/gcc/arm-none-eabi/14.3.1/../../../../arm-none-eabi/lib/thumb/v7e-m/nofp\libg.a(libc_a-fvwrite.o)
 .bss           0x20000907        0x0 C:/ARM/gcc-arm-none-eabi/bin/../lib/gcc/arm-none-eabi/14.3.1/../../../../arm-none-eabi/lib/thumb/v7e-m/nofp\libg.a(libc_a-fwalk.o)
 .bss           0x20000907        0x0 C:/ARM/gcc-arm-none-eabi/bin/../lib/gcc/arm-none-eabi/14.3.1/../../../../arm-none-eabi/lib/thumb/v7e-m/nofp\libg.a(libc_a-stdio.o)
 .bss           0x20000907        0x0 C:/ARM/gcc-arm-none-eabi/bin/../lib/gcc/arm-none-eabi/14.3.1/../../../../arm-none-eabi/lib/thumb/v7e-m/nofp\libg.a(libc_a-wsetup.o)
 .bss           0x20000907        0x0 C:/ARM/gcc-arm-none-eabi/bin/../lib/gcc/arm-none-eabi/14.3.1/../../../../arm-none-eabi/lib/thumb/v7e-m/nofp\libg.a(libc_a-memmove.o)
 .bss           0x20000907        0x0 C:/ARM/gcc-arm-none-eabi/bin/../lib/gcc/arm-none-eabi/14.3.1/../../../../arm-none-eabi/lib/thumb/v7e-m/nofp\libg.a(libc_a-memset.o)
 .bss           0x20000907        0x0 C:/ARM/gcc-arm-none-eabi/bin/../lib/gcc/arm-none-eabi/14.3.1/../../../../arm-none-eabi/lib/thumb/v7e-m/nofp\libg.a(libc_a-strncpy.o)
 .bss           0x20000907        0x0 C:/ARM/gcc-arm-none-eabi/bin/../lib/gcc/arm-none-eabi/14.3.1/../../../../arm-none-eabi/lib/thumb/v7e-m/nofp\libg.a(libc_a-locale.o)
 .bss           0x20000907        0x0 C:/ARM/gcc-arm-none-eabi/bin/../lib/gcc/arm-none-eabi/14.3.1/../../../../arm-none-eabi/lib/thumb/v7e-m/nofp\libg.a(libc_a-localeconv.o)
 .bss           0x20000907        0x0 C:/ARM/gcc-arm-none-eabi/bin/../lib/gcc/arm-none-eabi/14.3.1/../../../../arm-none-eabi/lib/thumb/v7e-m/nofp\libg.a(libc_a-closer.o)
 .bss           0x20000907        0x0 C:/ARM/gcc-arm-none-eabi/bin/../lib/gcc/arm-none-eabi/14.3.1/../../../../arm-none-eabi/lib/thumb/v7e-m/nofp\libg.a(libc_a-reent.o)
 .bss           0x20000907        0x0 C:/ARM/gcc-arm-none-eabi/bin/../lib/gcc/arm-none-eabi/14.3.1/../../../../arm-none-eabi/lib/thumb/v7e-m/nofp\libg.a(libc_a-lseekr.o)
 .bss           0x20000907        0x0 C:/ARM/gcc-arm-none-eabi/bin/../lib/gcc/arm-none-eabi/14.3.1/../../../../arm-none-eabi/lib/thumb/v7e-m/nofp\libg.a(libc_a-readr.o)
 .bss           0x20000907        0x0 C:/ARM/gcc-arm-none-eabi/bin/../lib/gcc/arm-none-eabi/14.3.1/../../../../arm-none-eabi/lib/thumb/v7e-m/nofp\libg.a(libc_a-writer.o)
 .bss           0x20000907        0x0 C:/ARM/gcc-arm-none-eabi/bin/../lib/gcc/arm-none-eabi/14.3.1/../../../../arm-none-eabi/lib/thumb/v7e-m/nofp\libg.a(libc_a-lock.o)
 .bss           0x20000907        0x0 C:/ARM/gcc-arm-none-eabi/bin/../lib/gcc/arm-none-eabi/14.3.1/../../../../arm-none-eabi/lib/thumb/v7e-m/nofp\libg.a(libc_a-strcmp.o)
 .bss           0x20000907        0x0 C:/ARM/gcc-arm-none-eabi/bin/../lib/gcc/arm-none-eabi/14.3.1/../../../../arm-none-eabi/lib/thumb/v7e-m/nofp\libg.a(libc_a-strcpy.o)
 .bss           0x20000907        0x0 C:/ARM/gcc-arm-none-eabi/bin/../lib/gcc/arm-none-eabi/14.3.1/../../../../arm-none-eabi/lib/thumb/v7e-m/nofp\libg.a(libc_a-memchr.o)
 .bss           0x20000907        0x0 C:/ARM/gcc-arm-none-eabi/bin/../lib/gcc/arm-none-eabi/14.3.1/../../../../arm-none-eabi/lib/thumb/v7e-m/nofp\libg.a(libc_a-memcpy.o)
 .bss           0x20000907        0x0 C:/ARM/gcc-arm-none-eabi/bin/../lib/gcc/arm-none-eabi/14.3.1/../../../../arm-none-eabi/lib/thumb/v7e-m/nofp\libg.a(libc_a-strlen.o)
 .bss           0x20000907        0x0 C:/ARM/gcc-arm-none-eabi/bin/../lib/gcc/arm-none-eabi/14.3.1/../../../../arm-none-eabi/lib/thumb/v7e-m/nofp\libg.a(libm_a-s_frexp.o)
 .bss           0x20000907        0x0 C:/ARM/gcc-arm-none-eabi/bin/../lib/gcc/arm-none-eabi/14.3.1/../../../../arm-none-eabi/lib/thumb/v7e-m/nofp\libg.a(libc_a-dtoa.o)
 .bss           0x20000907        0x0 C:/ARM/gcc-arm-none-eabi/bin/../lib/gcc/arm-none-eabi/14.3.1/../../../../arm-none-eabi/lib/thumb/v7e-m/nofp\libg.a(libc_a-freer.o)
 .bss           0x20000907        0x0 C:/ARM/gcc-arm-none-eabi/bin/../lib/gcc/arm-none-eabi/14.3.1/../../../../arm-none-eabi/lib/thumb/v7e-m/nofp\libg.a(libc_a-getenv_r.o)
 .bss           0x20000907        0x0 C:/ARM/gcc-arm-none-eabi/bin/../lib/gcc/arm-none-eabi/14.3.1/../../../../arm-none-eabi/lib/thumb/v7e-m/nofp\libg.a(libc_a-mallocr.o)
 .bss           0x20000907        0x0 C:/ARM/gcc-arm-none-eabi/bin/../lib/gcc/arm-none-eabi/14.3.1/../../../../arm-none-eabi/lib/thumb/v7e-m/nofp\libg.a(libc_a-mbtowc_r.o)
 .bss           0x20000907        0x0 C:/ARM/gcc-arm-none-eabi/bin/../lib/gcc/arm-none-eabi/14.3.1/../../../../arm-none-eabi/lib/thumb/v7e-m/nofp\libg.a(libc_a-mlock.o)
 .bss           0x20000907        0x0 C:/ARM/gcc-arm-none-eabi/bin/../lib/gcc/arm-none-eabi/14.3.1/../../../../arm-none-eabi/lib/thumb/v7e-m/nofp\libg.a(libc_a-mprec.o)
 .bss           0x20000907        0x0 C:/ARM/gcc-arm-none-eabi/bin/../lib/gcc/arm-none-eabi/14.3.1/../../../../arm-none-eabi/lib/thumb/v7e-m/nofp\libg.a(libc_a-reallocr.o)
 .bss           0x20000907        0x0 C:/ARM/gcc-arm-none-eabi/bin/../lib/gcc/arm-none-eabi/14.3.1/../../../../arm-none-eabi/lib/thumb/v7e-m/nofp\libg.a(libc_a-strtol.o)
 .bss           0x20000907        0x0 C:/ARM/gcc-arm-none-eabi/bin/../lib/gcc/arm-none-eabi/14.3.1/../../../../arm-none-eabi/lib/thumb/v7e-m/nofp\libg.a(libc_a-wctomb_r.o)
 .bss           0x20000907        0x0 C:/ARM/gcc-arm-none-eabi/bin/../lib/gcc/arm-none-eabi/14.3.1/../../../../arm-none-eabi/lib/thumb/v7e-m/nofp\libg.a(libc_a-wcrtomb.o)
 .bss           0x20000907        0x0 C:/ARM/gcc-arm-none-eabi/bin/../lib/gcc/arm-none-eabi/14.3.1/../../../../arm-none-eabi/lib/thumb/v7e-m/nofp\libg.a(libc_a-wcsrtombs.o)
 .bss           0x20000907        0x0 C:/ARM/gcc-arm-none-eabi/bin/../lib/gcc/arm-none-eabi/14.3.1/../../../../arm-none-eabi/lib/thumb/v7e-m/nofp\libg.a(libc_a-ctype_.o)
 .bss           0x20000907        0x0 C:/ARM/gcc-arm-none-eabi/bin/../lib/gcc/arm-none-eabi/14.3.1/../../../../arm-none-eabi/lib/thumb/v7e-m/nofp\libg.a(libc_a-fclose.o)
 .bss           0x20000907        0x0 C:/ARM/gcc-arm-none-eabi/bin/../lib/gcc/arm-none-eabi/14.3.1/../../../../arm-none-eabi/lib/thumb/v7e-m/nofp\libg.a(libc_a-makebuf.o)
 .bss           0x20000907        0x0 C:/ARM/gcc-arm-none-eabi/bin/../lib/gcc/arm-none-eabi/14.3.1/../../../../arm-none-eabi/lib/thumb/v7e-m/nofp\libg.a(libc_a-strcasecmp.o)
 .bss           0x20000907        0x0 C:/ARM/gcc-arm-none-eabi/bin/../lib/gcc/arm-none-eabi/14.3.1/../../../../arm-none-eabi/lib/thumb/v7e-m/nofp\libg.a(libc_a-strcat.o)
 .bss           0x20000907        0x0 C:/ARM/gcc-arm-none-eabi/bin/../lib/gcc/arm-none-eabi/14.3.1/../../../../arm-none-eabi/lib/thumb/v7e-m/nofp\libg.a(libc_a-strchr.o)
 .bss           0x20000907        0x0 C:/ARM/gcc-arm-none-eabi/bin/../lib/gcc/arm-none-eabi/14.3.1/../../../../arm-none-eabi/lib/thumb/v7e-m/nofp\libg.a(libc_a-strlcpy.o)
 .bss           0x20000907        0x0 C:/ARM/gcc-arm-none-eabi/bin/../lib/gcc/arm-none-eabi/14.3.1/../../../../arm-none-eabi/lib/thumb/v7e-m/nofp\libg.a(libc_a-strncasecmp.o)
 .bss           0x20000907        0x0 C:/ARM/gcc-arm-none-eabi/bin/../lib/gcc/arm-none-eabi/14.3.1/../../../../arm-none-eabi/lib/thumb/v7e-m/nofp\libg.a(libc_a-strncmp.o)
 .bss           0x20000907        0x0 C:/ARM/gcc-arm-none-eabi/bin/../lib/gcc/arm-none-eabi/14.3.1/../../../../arm-none-eabi/lib/thumb/v7e-m/nofp\libg.a(libc_a-fstatr.o)
 .bss           0x20000907        0x0 C:/ARM/gcc-arm-none-eabi/bin/../lib/gcc/arm-none-eabi/14.3.1/../../../../arm-none-eabi/lib/thumb/v7e-m/nofp\libg.a(libc_a-isattyr.o)
 .bss           0x20000907        0x0 C:/ARM/gcc-arm-none-eabi/bin/../lib/gcc/arm-none-eabi/14.3.1/../../../../arm-none-eabi/lib/thumb/v7e-m/nofp\libg.a(libc_a-sbrkr.o)
 .bss           0x20000907        0x0 C:/ARM/gcc-arm-none-eabi/bin/../lib/gcc/arm-none-eabi/14.3.1/../../../../arm-none-eabi/lib/thumb/v7e-m/nofp\libg.a(libc_a-errno.o)
 .bss           0x20000907        0x0 C:/ARM/gcc-arm-none-eabi/bin/../lib/gcc/arm-none-eabi/14.3.1/../../../../arm-none-eabi/lib/thumb/v7e-m/nofp\libg.a(libc_a-sysconf.o)
 .bss           0x20000907        0x0 C:/ARM/gcc-arm-none-eabi/bin/../lib/gcc/arm-none-eabi/14.3.1/../../../../arm-none-eabi/lib/thumb/v7e-m/nofp\libg.a(libc_a-assert.o)
 .bss           0x20000907        0x0 C:/ARM/gcc-arm-none-eabi/bin/../lib/gcc/arm-none-eabi/14.3.1/../../../../arm-none-eabi/lib/thumb/v7e-m/nofp\libg.a(libc_a-callocr.o)
 .bss           0x20000907        0x0 C:/ARM/gcc-arm-none-eabi/bin/../lib/gcc/arm-none-eabi/14.3.1/../../../../arm-none-eabi/lib/thumb/v7e-m/nofp\libg.a(libc_a-environ.o)
 .bss           0x20000907        0x0 C:/ARM/gcc-arm-none-eabi/bin/../lib/gcc/arm-none-eabi/14.3.1/../../../../arm-none-eabi/lib/thumb/v7e-m/nofp\libg.a(libc_a-envlock.o)
 .bss           0x20000907        0x0 C:/ARM/gcc-arm-none-eabi/bin/../lib/gcc/arm-none-eabi/14.3.1/../../../../arm-none-eabi/lib/thumb/v7e-m/nofp\libg.a(libc_a-wcsnrtombs.o)
 .bss           0x20000907        0x0 C:/ARM/gcc-arm-none-eabi/bin/../lib/gcc/arm-none-eabi/14.3.1/../../../../arm-none-eabi/lib/thumb/v7e-m/nofp\libg.a(libc_a-fiprintf.o)
 .bss           0x20000907        0x0 C:/ARM/gcc-arm-none-eabi/bin/../lib/gcc/arm-none-eabi/14.3.1/../../../../arm-none-eabi/lib/thumb/v7e-m/nofp\libg.a(libc_a-vfiprintf.o)
 .bss           0x20000907        0x0 C:/ARM/gcc-arm-none-eabi/bin/../lib/gcc/arm-none-eabi/14.3.1/../../../../arm-none-eabi/lib/thumb/v7e-m/nofp\libg.a(libc_a-abort.o)
 .bss           0x20000907        0x0 C:/ARM/gcc-arm-none-eabi/bin/../lib/gcc/arm-none-eabi/14.3.1/../../../../arm-none-eabi/lib/thumb/v7e-m/nofp\libg.a(libc_a-signal.o)
 .bss           0x20000907        0x0 C:/ARM/gcc-arm-none-eabi/bin/../lib/gcc/arm-none-eabi/14.3.1/../../../../arm-none-eabi/lib/thumb/v7e-m/nofp\libg.a(libc_a-signalr.o)
 .bss           0x20000907        0x0 C:/ARM/gcc-arm-none-eabi/bin/../lib/gcc/arm-none-eabi/14.3.1/thumb/v7e-m/nofp\libgcc.a(_arm_muldf3.o)
 .bss           0x20000907        0x0 C:/ARM/gcc-arm-none-eabi/bin/../lib/gcc/arm-none-eabi/14.3.1/thumb/v7e-m/nofp\libgcc.a(_arm_addsubdf3.o)
 .bss           0x20000907        0x0 C:/ARM/gcc-arm-none-eabi/bin/../lib/gcc/arm-none-eabi/14.3.1/thumb/v7e-m/nofp\libgcc.a(_arm_muldivdf3.o)
 .bss           0x20000907        0x0 C:/ARM/gcc-arm-none-eabi/bin/../lib/gcc/arm-none-eabi/14.3.1/thumb/v7e-m/nofp\libgcc.a(_arm_cmpdf2.o)
 .bss           0x20000907        0x0 C:/ARM/gcc-arm-none-eabi/bin/../lib/gcc/arm-none-eabi/14.3.1/thumb/v7e-m/nofp\libgcc.a(_arm_unorddf2.o)
 .bss           0x20000907        0x0 C:/ARM/gcc-arm-none-eabi/bin/../lib/gcc/arm-none-eabi/14.3.1/thumb/v7e-m/nofp\libgcc.a(_arm_fixdfsi.o)
 *(.bss*)
 *fill*         0x20000907        0x1 
 .bss.__sf      0x20000908      0x138 C:/ARM/gcc-arm-none-eabi/bin/../lib/gcc/arm-none-eabi/14.3.1/../../../../arm-none-eabi/lib/thumb/v7e-m/nofp\libg.a(libc_a-findfp.o)
                0x20000908                __sf
 .bss.__stdio_exit_handler
                0x20000a40        0x4 C:/ARM/gcc-arm-none-eabi/bin/../lib/gcc/arm-none-eabi/14.3.1/../../../../arm-none-eabi/lib/thumb/v7e-m/nofp\libg.a(libc_a-findfp.o)
                0x20000a40                __stdio_exit_handler
 .bss.saved_categories.0
                0x20000a44       0xe0 C:/ARM/gcc-arm-none-eabi/bin/../lib/gcc/arm-none-eabi/14.3.1/../../../../arm-none-eabi/lib/thumb/v7e-m/nofp\libg.a(libc_a-locale.o)
 .bss.new_categories.1
                0x20000b24       0xe0 C:/ARM/gcc-arm-none-eabi/bin/../lib/gcc/arm-none-eabi/14.3.1/../../../../arm-none-eabi/lib/thumb/v7e-m/nofp\libg.a(libc_a-locale.o)
 .bss._PathLocale
                0x20000c04        0x4 C:/ARM/gcc-arm-none-eabi/bin/../lib/gcc/arm-none-eabi/14.3.1/../../../../arm-none-eabi/lib/thumb/v7e-m/nofp\libg.a(libc_a-locale.o)
                0x20000c04                _PathLocale
 .bss.errno     0x20000c08        0x4 C:/ARM/gcc-arm-none-eabi/bin/../lib/gcc/arm-none-eabi/14.3.1/../../../../arm-none-eabi/lib/thumb/v7e-m/nofp\libg.a(libc_a-reent.o)
                0x20000c08                errno
 .bss.__lock___arc4random_mutex
                0x20000c0c        0x1 C:/ARM/gcc-arm-none-eabi/bin/../lib/gcc/arm-none-eabi/14.3.1/../../../../arm-none-eabi/lib/thumb/v7e-m/nofp\libg.a(libc_a-lock.o)
                0x20000c0c                __lock___arc4random_mutex
 *fill*         0x20000c0d        0x3 
 .bss.__lock___dd_hash_mutex
                0x20000c10        0x1 C:/ARM/gcc-arm-none-eabi/bin/../lib/gcc/arm-none-eabi/14.3.1/../../../../arm-none-eabi/lib/thumb/v7e-m/nofp\libg.a(libc_a-lock.o)
                0x20000c10                __lock___dd_hash_mutex
 *fill*         0x20000c11        0x3 
 .bss.__lock___tz_mutex
                0x20000c14        0x1 C:/ARM/gcc-arm-none-eabi/bin/../lib/gcc/arm-none-eabi/14.3.1/../../../../arm-none-eabi/lib/thumb/v7e-m/nofp\libg.a(libc_a-lock.o)
                0x20000c14                __lock___tz_mutex
 *fill*         0x20000c15        0x3 
 .bss.__lock___env_recursive_mutex
                0x20000c18        0x1 C:/ARM/gcc-arm-none-eabi/bin/../lib/gcc/arm-none-eabi/14.3.1/../../../../arm-none-eabi/lib/thumb/v7e-m/nofp\libg.a(libc_a-lock.o)
                0x20000c18                __lock___env_recursive_mutex
 *fill*         0x20000c19        0x3 
 .bss.__lock___malloc_recursive_mutex
                0x20000c1c        0x1 C:/ARM/gcc-arm-none-eabi/bin/../lib/gcc/arm-none-eabi/14.3.1/../../../../arm-none-eabi/lib/thumb/v7e-m/nofp\libg.a(libc_a-lock.o)
                0x20000c1c                __lock___malloc_recursive_mutex
 *fill*         0x20000c1d        0x3 
 .bss.__lock___at_quick_exit_mutex
                0x20000c20        0x1 C:/ARM/gcc-arm-none-eabi/bin/../lib/gcc/arm-none-eabi/14.3.1/../../../../arm-none-eabi/lib/thumb/v7e-m/nofp\libg.a(libc_a-lock.o)
                0x20000c20                __lock___at_quick_exit_mutex
 *fill*         0x20000c21        0x3 
 .bss.__lock___atexit_recursive_mutex
                0x20000c24        0x1 C:/ARM/gcc-arm-none-eabi/bin/../lib/gcc/arm-none-eabi/14.3.1/../../../../arm-none-eabi/lib/thumb/v7e-m/nofp\libg.a(libc_a-lock.o)
                0x20000c24                __lock___atexit_recursive_mutex
 *fill*         0x20000c25        0x3 
 .bss.__lock___sfp_recursive_mutex
                0x20000c28        0x1 C:/ARM/gcc-arm-none-eabi/bin/../lib/gcc/arm-none-eabi/14.3.1/../../../../arm-none-eabi/lib/thumb/v7e-m/nofp\libg.a(libc_a-lock.o)
                0x20000c28                __lock___sfp_recursive_mutex
 *fill*         0x20000c29        0x3 
 .bss.__malloc_current_mallinfo
                0x20000c2c       0x28 C:/ARM/gcc-arm-none-eabi/bin/../lib/gcc/arm-none-eabi/14.3.1/../../../../arm-none-eabi/lib/thumb/v7e-m/nofp\libg.a(libc_a-mallocr.o)
                0x20000c2c                __malloc_current_mallinfo
 .bss.__malloc_max_total_mem
                0x20000c54        0x4 C:/ARM/gcc-arm-none-eabi/bin/../lib/gcc/arm-none-eabi/14.3.1/../../../../arm-none-eabi/lib/thumb/v7e-m/nofp\libg.a(libc_a-mallocr.o)
                0x20000c54                __malloc_max_total_mem
 .bss.__malloc_max_sbrked_mem
                0x20000c58        0x4 C:/ARM/gcc-arm-none-eabi/bin/../lib/gcc/arm-none-eabi/14.3.1/../../../../arm-none-eabi/lib/thumb/v7e-m/nofp\libg.a(libc_a-mallocr.o)
                0x20000c58                __malloc_max_sbrked_mem
 .bss.__malloc_top_pad
                0x20000c5c        0x4 C:/ARM/gcc-arm-none-eabi/bin/../lib/gcc/arm-none-eabi/14.3.1/../../../../arm-none-eabi/lib/thumb/v7e-m/nofp\libg.a(libc_a-mallocr.o)
                0x20000c5c                __malloc_top_pad
 .bss.initial_env
                0x20000c60        0x4 C:/ARM/gcc-arm-none-eabi/bin/../lib/gcc/arm-none-eabi/14.3.1/../../../../arm-none-eabi/lib/thumb/v7e-m/nofp\libg.a(libc_a-environ.o)
 *(COMMON)
                0x20000c64                        _ebss = .

._user_stack    0x20000c64        0x4 load address 0x0800ba98
                0x20000c68                        . = ALIGN (0x8)
 *fill*         0x20000c64        0x4 
                0x20000c68                        _stack_top = .
OUTPUT(main.elf elf32-littlearm)
LOAD linker stubs

.debug_info     0x00000000     0x1d99
 .debug_info    0x00000000      0x3b0 C:\Users\juan_\AppData\Local\Temp\ccMRGFaN.o
 .debug_info    0x000003b0      0x6cd C:\Users\juan_\AppData\Local\Temp\ccOClL2H.o
 .debug_info    0x00000a7d      0x4df C:\Users\juan_\AppData\Local\Temp\ccW4yMyI.o
 .debug_info    0x00000f5c      0x8a2 C:\Users\juan_\AppData\Local\Temp\ccGirpHM.o
 .debug_info    0x000017fe      0x4a7 C:\Users\juan_\AppData\Local\Temp\ccLwKs9N.o
 .debug_info    0x00001ca5       0xc3 C:\Users\juan_\AppData\Local\Temp\cc0XxvYQ.o
 .debug_info    0x00001d68       0x31 C:\Users\juan_\AppData\Local\Temp\ccDl3G0W.o

.debug_abbrev   0x00000000      0x8d0
 .debug_abbrev  0x00000000      0x140 C:\Users\juan_\AppData\Local\Temp\ccMRGFaN.o
 .debug_abbrev  0x00000140      0x1df C:\Users\juan_\AppData\Local\Temp\ccOClL2H.o
 .debug_abbrev  0x0000031f      0x186 C:\Users\juan_\AppData\Local\Temp\ccW4yMyI.o
 .debug_abbrev  0x000004a5      0x230 C:\Users\juan_\AppData\Local\Temp\ccGirpHM.o
 .debug_abbrev  0x000006d5      0x146 C:\Users\juan_\AppData\Local\Temp\ccLwKs9N.o
 .debug_abbrev  0x0000081b       0x8d C:\Users\juan_\AppData\Local\Temp\cc0XxvYQ.o
 .debug_abbrev  0x000008a8       0x28 C:\Users\juan_\AppData\Local\Temp\ccDl3G0W.o

.debug_aranges  0x00000000       0xe0
 .debug_aranges
                0x00000000       0x20 C:\Users\juan_\AppData\Local\Temp\ccMRGFaN.o
 .debug_aranges
                0x00000020       0x20 C:\Users\juan_\AppData\Local\Temp\ccOClL2H.o
 .debug_aranges
                0x00000040       0x20 C:\Users\juan_\AppData\Local\Temp\ccW4yMyI.o
 .debug_aranges
                0x00000060       0x20 C:\Users\juan_\AppData\Local\Temp\ccGirpHM.o
 .debug_aranges
                0x00000080       0x20 C:\Users\juan_\AppData\Local\Temp\ccLwKs9N.o
 .debug_aranges
                0x000000a0       0x20 C:\Users\juan_\AppData\Local\Temp\cc0XxvYQ.o
 .debug_aranges
                0x000000c0       0x20 C:\Users\juan_\AppData\Local\Temp\ccDl3G0W.o

.debug_line     0x00000000      0xb66
 .debug_line    0x00000000      0x192 C:\Users\juan_\AppData\Local\Temp\ccMRGFaN.o
 .debug_line    0x00000192      0x1af C:\Users\juan_\AppData\Local\Temp\ccOClL2H.o
 .debug_line    0x00000341      0x306 C:\Users\juan_\AppData\Local\Temp\ccW4yMyI.o
 .debug_line    0x00000647      0x24d C:\Users\juan_\AppData\Local\Temp\ccGirpHM.o
 .debug_line    0x00000894      0x16b C:\Users\juan_\AppData\Local\Temp\ccLwKs9N.o
 .debug_line    0x000009ff       0xf9 C:\Users\juan_\AppData\Local\Temp\cc0XxvYQ.o
 .debug_line    0x00000af8       0x6e C:\Users\juan_\AppData\Local\Temp\ccDl3G0W.o

.debug_str      0x00000000      0xc07
 .debug_str     0x00000000      0xc07 C:\Users\juan_\AppData\Local\Temp\ccMRGFaN.o
                                0x345 (size before relaxing)
 .debug_str     0x00000c07      0x7c7 C:\Users\juan_\AppData\Local\Temp\ccOClL2H.o